[2024-02-04T18:39:12.884+0200][gc,heap] Heap region size: 1M
[2024-02-04T18:39:12.895+0200][gc     ] Using G1
[2024-02-04T18:39:12.895+0200][gc,heap,coops] Heap address: 0x00000000c0000000, size: 1024 MB, Compressed Oops mode: 32-bit
[2024-02-04T18:39:12.896+0200][gc,cds       ] Mark closed archive regions in map: [0x00000000fff00000, 0x00000000fff6bff8]
[2024-02-04T18:39:12.896+0200][gc,cds       ] Mark open archive regions in map: [0x00000000ffe00000, 0x00000000ffe47ff8]
[2024-02-04T18:39:20.559+0200][gc,start     ] GC(0) Pause Young (Normal) (G1 Evacuation Pause)
[2024-02-04T18:39:20.560+0200][gc,task      ] GC(0) Using 4 workers of 4 for evacuation
[2024-02-04T18:39:20.578+0200][gc,phases    ] GC(0)   Pre Evacuate Collection Set: 0.2ms
[2024-02-04T18:39:20.578+0200][gc,phases    ] GC(0)   Evacuate Collection Set: 15.8ms
[2024-02-04T18:39:20.578+0200][gc,phases    ] GC(0)   Post Evacuate Collection Set: 1.2ms
[2024-02-04T18:39:20.578+0200][gc,phases    ] GC(0)   Other: 1.1ms
[2024-02-04T18:39:20.578+0200][gc,heap      ] GC(0) Eden regions: 51->0(44)
[2024-02-04T18:39:20.578+0200][gc,heap      ] GC(0) Survivor regions: 0->7(7)
[2024-02-04T18:39:20.578+0200][gc,heap      ] GC(0) Old regions: 2->2
[2024-02-04T18:39:20.578+0200][gc,heap      ] GC(0) Humongous regions: 0->0
[2024-02-04T18:39:20.578+0200][gc,metaspace ] GC(0) Metaspace: 16011K(16768K)->16011K(16768K) NonClass: 13840K(14336K)->13840K(14336K) Class: 2170K(2432K)->2170K(2432K)
[2024-02-04T18:39:20.578+0200][gc           ] GC(0) Pause Young (Normal) (G1 Evacuation Pause) 51M->7M(1024M) 18.540ms
[2024-02-04T18:39:20.578+0200][gc,cpu       ] GC(0) User=0.04s Sys=0.03s Real=0.01s
[2024-02-04T18:39:23.184+0200][gc,start     ] GC(1) Pause Young (Concurrent Start) (Metadata GC Threshold)
[2024-02-04T18:39:23.184+0200][gc,task      ] GC(1) Using 4 workers of 4 for evacuation
[2024-02-04T18:39:23.208+0200][gc,mmu       ] GC(1) MMU target violated: 21.0ms (20.0ms/21.0ms)
[2024-02-04T18:39:23.209+0200][gc,phases    ] GC(1)   Pre Evacuate Collection Set: 0.1ms
[2024-02-04T18:39:23.209+0200][gc,phases    ] GC(1)   Evacuate Collection Set: 23.1ms
[2024-02-04T18:39:23.209+0200][gc,phases    ] GC(1)   Post Evacuate Collection Set: 1.0ms
[2024-02-04T18:39:23.209+0200][gc,phases    ] GC(1)   Other: 0.8ms
[2024-02-04T18:39:23.209+0200][gc,heap      ] GC(1) Eden regions: 18->0(50)
[2024-02-04T18:39:23.209+0200][gc,heap      ] GC(1) Survivor regions: 7->1(7)
[2024-02-04T18:39:23.209+0200][gc,heap      ] GC(1) Old regions: 2->9
[2024-02-04T18:39:23.209+0200][gc,heap      ] GC(1) Humongous regions: 0->0
[2024-02-04T18:39:23.209+0200][gc,metaspace ] GC(1) Metaspace: 20479K(21248K)->20479K(21248K) NonClass: 17694K(18176K)->17694K(18176K) Class: 2785K(3072K)->2785K(3072K)
[2024-02-04T18:39:23.209+0200][gc           ] GC(1) Pause Young (Concurrent Start) (Metadata GC Threshold) 25M->8M(1024M) 25.227ms
[2024-02-04T18:39:23.209+0200][gc,cpu       ] GC(1) User=0.04s Sys=0.03s Real=0.03s
[2024-02-04T18:39:23.209+0200][gc           ] GC(2) Concurrent Cycle
[2024-02-04T18:39:23.209+0200][gc,marking   ] GC(2) Concurrent Clear Claimed Marks
[2024-02-04T18:39:23.209+0200][gc,marking   ] GC(2) Concurrent Clear Claimed Marks 0.081ms
[2024-02-04T18:39:23.209+0200][gc,marking   ] GC(2) Concurrent Scan Root Regions
[2024-02-04T18:39:23.211+0200][gc,marking   ] GC(2) Concurrent Scan Root Regions 1.471ms
[2024-02-04T18:39:23.211+0200][gc,marking   ] GC(2) Concurrent Mark (10.331s)
[2024-02-04T18:39:23.211+0200][gc,marking   ] GC(2) Concurrent Mark From Roots
[2024-02-04T18:39:23.211+0200][gc,task      ] GC(2) Using 1 workers of 1 for marking
[2024-02-04T18:39:23.234+0200][gc,marking   ] GC(2) Concurrent Mark From Roots 22.985ms
[2024-02-04T18:39:23.234+0200][gc,marking   ] GC(2) Concurrent Preclean
[2024-02-04T18:39:23.234+0200][gc,marking   ] GC(2) Concurrent Preclean 0.133ms
[2024-02-04T18:39:23.234+0200][gc,marking   ] GC(2) Concurrent Mark (10.331s, 10.354s) 23.273ms
[2024-02-04T18:39:23.234+0200][gc,start     ] GC(2) Pause Remark
[2024-02-04T18:39:23.238+0200][gc,stringtable] GC(2) Cleaned string and symbol table, strings: 5493 processed, 0 removed, symbols: 50773 processed, 57 removed
[2024-02-04T18:39:23.238+0200][gc            ] GC(2) Pause Remark 8M->8M(1024M) 4.062ms
[2024-02-04T18:39:23.238+0200][gc,cpu        ] GC(2) User=0.00s Sys=0.01s Real=0.01s
[2024-02-04T18:39:23.238+0200][gc,marking    ] GC(2) Concurrent Rebuild Remembered Sets
[2024-02-04T18:39:23.243+0200][gc,marking    ] GC(2) Concurrent Rebuild Remembered Sets 5.106ms
[2024-02-04T18:39:23.244+0200][gc,start      ] GC(2) Pause Cleanup
[2024-02-04T18:39:23.244+0200][gc            ] GC(2) Pause Cleanup 8M->8M(1024M) 0.343ms
[2024-02-04T18:39:23.244+0200][gc,cpu        ] GC(2) User=0.00s Sys=0.00s Real=0.00s
[2024-02-04T18:39:23.244+0200][gc,marking    ] GC(2) Concurrent Cleanup for Next Mark
[2024-02-04T18:39:23.253+0200][gc,marking    ] GC(2) Concurrent Cleanup for Next Mark 8.980ms
[2024-02-04T18:39:23.253+0200][gc            ] GC(2) Concurrent Cycle 44.313ms
[2024-02-04T18:39:53.900+0200][gc,start      ] GC(3) Pause Young (Normal) (G1 Evacuation Pause)
[2024-02-04T18:39:53.900+0200][gc,task       ] GC(3) Using 4 workers of 4 for evacuation
[2024-02-04T18:39:53.919+0200][gc,phases     ] GC(3)   Pre Evacuate Collection Set: 0.2ms
[2024-02-04T18:39:53.919+0200][gc,phases     ] GC(3)   Evacuate Collection Set: 14.8ms
[2024-02-04T18:39:53.919+0200][gc,phases     ] GC(3)   Post Evacuate Collection Set: 3.0ms
[2024-02-04T18:39:53.919+0200][gc,phases     ] GC(3)   Other: 0.9ms
[2024-02-04T18:39:53.919+0200][gc,heap       ] GC(3) Eden regions: 50->0(46)
[2024-02-04T18:39:53.919+0200][gc,heap       ] GC(3) Survivor regions: 1->5(7)
[2024-02-04T18:39:53.919+0200][gc,heap       ] GC(3) Old regions: 9->9
[2024-02-04T18:39:53.919+0200][gc,heap       ] GC(3) Humongous regions: 129->129
[2024-02-04T18:39:53.919+0200][gc,metaspace  ] GC(3) Metaspace: 29527K(30720K)->29527K(30720K) NonClass: 25723K(26368K)->25723K(26368K) Class: 3804K(4352K)->3804K(4352K)
[2024-02-04T18:39:53.919+0200][gc            ] GC(3) Pause Young (Normal) (G1 Evacuation Pause) 187M->140M(1024M) 19.223ms
[2024-02-04T18:39:53.919+0200][gc,cpu        ] GC(3) User=0.03s Sys=0.00s Real=0.05s
[2024-02-04T18:40:17.529+0200][gc,start      ] GC(4) Pause Young (Concurrent Start) (Metadata GC Threshold)
[2024-02-04T18:40:17.529+0200][gc,task       ] GC(4) Using 4 workers of 4 for evacuation
[2024-02-04T18:40:17.549+0200][gc,mmu        ] GC(4) MMU target violated: 20.1ms (20.0ms/21.0ms)
[2024-02-04T18:40:17.549+0200][gc,phases     ] GC(4)   Pre Evacuate Collection Set: 0.2ms
[2024-02-04T18:40:17.549+0200][gc,phases     ] GC(4)   Evacuate Collection Set: 18.6ms
[2024-02-04T18:40:17.549+0200][gc,phases     ] GC(4)   Post Evacuate Collection Set: 1.0ms
[2024-02-04T18:40:17.549+0200][gc,phases     ] GC(4)   Other: 0.6ms
[2024-02-04T18:40:17.549+0200][gc,heap       ] GC(4) Eden regions: 22->0(49)
[2024-02-04T18:40:17.549+0200][gc,heap       ] GC(4) Survivor regions: 5->2(7)
[2024-02-04T18:40:17.549+0200][gc,heap       ] GC(4) Old regions: 9->13
[2024-02-04T18:40:17.549+0200][gc,heap       ] GC(4) Humongous regions: 129->129
[2024-02-04T18:40:17.549+0200][gc,metaspace  ] GC(4) Metaspace: 34358K(35840K)->34358K(35840K) NonClass: 30043K(30976K)->30043K(30976K) Class: 4314K(4864K)->4314K(4864K)
[2024-02-04T18:40:17.549+0200][gc            ] GC(4) Pause Young (Concurrent Start) (Metadata GC Threshold) 162M->142M(1024M) 20.404ms
[2024-02-04T18:40:17.549+0200][gc,cpu        ] GC(4) User=0.03s Sys=0.00s Real=0.02s
[2024-02-04T18:40:17.549+0200][gc            ] GC(5) Concurrent Cycle
[2024-02-04T18:40:17.549+0200][gc,marking    ] GC(5) Concurrent Clear Claimed Marks
[2024-02-04T18:40:17.549+0200][gc,marking    ] GC(5) Concurrent Clear Claimed Marks 0.118ms
[2024-02-04T18:40:17.549+0200][gc,marking    ] GC(5) Concurrent Scan Root Regions
[2024-02-04T18:40:17.553+0200][gc,marking    ] GC(5) Concurrent Scan Root Regions 3.778ms
[2024-02-04T18:40:17.553+0200][gc,marking    ] GC(5) Concurrent Mark (64.673s)
[2024-02-04T18:40:17.553+0200][gc,marking    ] GC(5) Concurrent Mark From Roots
[2024-02-04T18:40:17.553+0200][gc,task       ] GC(5) Using 1 workers of 1 for marking
[2024-02-04T18:40:17.570+0200][gc,marking    ] GC(5) Concurrent Mark From Roots 16.525ms
[2024-02-04T18:40:17.570+0200][gc,marking    ] GC(5) Concurrent Preclean
[2024-02-04T18:40:17.570+0200][gc,marking    ] GC(5) Concurrent Preclean 0.103ms
[2024-02-04T18:40:17.570+0200][gc,marking    ] GC(5) Concurrent Mark (64.673s, 64.690s) 16.740ms
[2024-02-04T18:40:17.570+0200][gc,start      ] GC(5) Pause Remark
[2024-02-04T18:40:17.578+0200][gc,stringtable] GC(5) Cleaned string and symbol table, strings: 11153 processed, 13 removed, symbols: 83137 processed, 22 removed
[2024-02-04T18:40:17.578+0200][gc            ] GC(5) Pause Remark 142M->142M(1024M) 8.052ms
[2024-02-04T18:40:17.578+0200][gc,cpu        ] GC(5) User=0.01s Sys=0.00s Real=0.01s
[2024-02-04T18:40:17.578+0200][gc,marking    ] GC(5) Concurrent Rebuild Remembered Sets
[2024-02-04T18:40:17.587+0200][gc,marking    ] GC(5) Concurrent Rebuild Remembered Sets 8.987ms
[2024-02-04T18:40:17.588+0200][gc,start      ] GC(5) Pause Cleanup
[2024-02-04T18:40:17.588+0200][gc            ] GC(5) Pause Cleanup 142M->142M(1024M) 0.253ms
[2024-02-04T18:40:17.588+0200][gc,cpu        ] GC(5) User=0.00s Sys=0.00s Real=0.00s
[2024-02-04T18:40:17.588+0200][gc,marking    ] GC(5) Concurrent Cleanup for Next Mark
[2024-02-04T18:40:17.606+0200][gc,marking    ] GC(5) Concurrent Cleanup for Next Mark 18.010ms
[2024-02-04T18:40:17.606+0200][gc            ] GC(5) Concurrent Cycle 56.956ms
[2024-02-04T18:42:02.469+0200][gc,start      ] GC(6) Pause Young (Normal) (G1 Evacuation Pause)
[2024-02-04T18:42:02.469+0200][gc,task       ] GC(6) Using 4 workers of 4 for evacuation
[2024-02-04T18:42:02.487+0200][gc,phases     ] GC(6)   Pre Evacuate Collection Set: 0.8ms
[2024-02-04T18:42:02.487+0200][gc,phases     ] GC(6)   Evacuate Collection Set: 15.2ms
[2024-02-04T18:42:02.487+0200][gc,phases     ] GC(6)   Post Evacuate Collection Set: 1.0ms
[2024-02-04T18:42:02.487+0200][gc,phases     ] GC(6)   Other: 0.5ms
[2024-02-04T18:42:02.487+0200][gc,heap       ] GC(6) Eden regions: 49->0(46)
[2024-02-04T18:42:02.487+0200][gc,heap       ] GC(6) Survivor regions: 2->5(7)
[2024-02-04T18:42:02.487+0200][gc,heap       ] GC(6) Old regions: 13->13
[2024-02-04T18:42:02.487+0200][gc,heap       ] GC(6) Humongous regions: 129->129
[2024-02-04T18:42:02.487+0200][gc,metaspace  ] GC(6) Metaspace: 41118K(43520K)->41118K(43520K) NonClass: 35434K(36608K)->35434K(36608K) Class: 5684K(6912K)->5684K(6912K)
[2024-02-04T18:42:02.487+0200][gc            ] GC(6) Pause Young (Normal) (G1 Evacuation Pause) 191M->144M(1024M) 17.717ms
[2024-02-04T18:42:02.487+0200][gc,cpu        ] GC(6) User=0.03s Sys=0.00s Real=0.01s
[2024-02-04T18:53:53.003+0200][gc,start      ] GC(7) Pause Young (Normal) (G1 Evacuation Pause)
[2024-02-04T18:53:53.003+0200][gc,task       ] GC(7) Using 4 workers of 4 for evacuation
[2024-02-04T18:53:53.018+0200][gc,phases     ] GC(7)   Pre Evacuate Collection Set: 0.7ms
[2024-02-04T18:53:53.019+0200][gc,phases     ] GC(7)   Evacuate Collection Set: 13.1ms
[2024-02-04T18:53:53.019+0200][gc,phases     ] GC(7)   Post Evacuate Collection Set: 1.2ms
[2024-02-04T18:53:53.019+0200][gc,phases     ] GC(7)   Other: 0.6ms
[2024-02-04T18:53:53.019+0200][gc,heap       ] GC(7) Eden regions: 46->0(45)
[2024-02-04T18:53:53.019+0200][gc,heap       ] GC(7) Survivor regions: 5->6(7)
[2024-02-04T18:53:53.019+0200][gc,heap       ] GC(7) Old regions: 13->15
[2024-02-04T18:53:53.019+0200][gc,heap       ] GC(7) Humongous regions: 129->129
[2024-02-04T18:53:53.019+0200][gc,metaspace  ] GC(7) Metaspace: 43483K(46208K)->43483K(46208K) NonClass: 37490K(38912K)->37490K(38912K) Class: 5992K(7296K)->5992K(7296K)
[2024-02-04T18:53:53.019+0200][gc            ] GC(7) Pause Young (Normal) (G1 Evacuation Pause) 190M->147M(1024M) 15.735ms
[2024-02-04T18:53:53.019+0200][gc,cpu        ] GC(7) User=0.06s Sys=0.00s Real=0.02s
