[2024-02-05T11:52:59.144+0200][gc,heap] Heap region size: 1M
[2024-02-05T11:52:59.162+0200][gc     ] Using G1
[2024-02-05T11:52:59.162+0200][gc,heap,coops] Heap address: 0x00000000c0000000, size: 1024 MB, Compressed Oops mode: 32-bit
[2024-02-05T11:52:59.162+0200][gc,cds       ] Mark closed archive regions in map: [0x00000000fff00000, 0x00000000fff6bff8]
[2024-02-05T11:52:59.163+0200][gc,cds       ] Mark open archive regions in map: [0x00000000ffe00000, 0x00000000ffe47ff8]
[2024-02-05T11:53:03.128+0200][gc,start     ] GC(0) Pause Young (Normal) (G1 Evacuation Pause)
[2024-02-05T11:53:03.129+0200][gc,task      ] GC(0) Using 4 workers of 4 for evacuation
[2024-02-05T11:53:03.153+0200][gc,mmu       ] GC(0) MMU target violated: 21.0ms (20.0ms/21.0ms)
[2024-02-05T11:53:03.153+0200][gc,phases    ] GC(0)   Pre Evacuate Collection Set: 0.1ms
[2024-02-05T11:53:03.153+0200][gc,phases    ] GC(0)   Evacuate Collection Set: 20.8ms
[2024-02-05T11:53:03.153+0200][gc,phases    ] GC(0)   Post Evacuate Collection Set: 2.2ms
[2024-02-05T11:53:03.153+0200][gc,phases    ] GC(0)   Other: 1.2ms
[2024-02-05T11:53:03.153+0200][gc,heap      ] GC(0) Eden regions: 51->0(44)
[2024-02-05T11:53:03.153+0200][gc,heap      ] GC(0) Survivor regions: 0->7(7)
[2024-02-05T11:53:03.153+0200][gc,heap      ] GC(0) Old regions: 2->2
[2024-02-05T11:53:03.153+0200][gc,heap      ] GC(0) Humongous regions: 0->0
[2024-02-05T11:53:03.153+0200][gc,metaspace ] GC(0) Metaspace: 16048K(16768K)->16048K(16768K) NonClass: 13883K(14336K)->13883K(14336K) Class: 2164K(2432K)->2164K(2432K)
[2024-02-05T11:53:03.153+0200][gc           ] GC(0) Pause Young (Normal) (G1 Evacuation Pause) 51M->7M(1024M) 24.530ms
[2024-02-05T11:53:03.153+0200][gc,cpu       ] GC(0) User=0.07s Sys=0.02s Real=0.02s
[2024-02-05T11:53:03.760+0200][gc,start     ] GC(1) Pause Young (Concurrent Start) (Metadata GC Threshold)
[2024-02-05T11:53:03.760+0200][gc,task      ] GC(1) Using 4 workers of 4 for evacuation
[2024-02-05T11:53:03.792+0200][gc,mmu       ] GC(1) MMU target violated: 21.0ms (20.0ms/21.0ms)
[2024-02-05T11:53:03.792+0200][gc,phases    ] GC(1)   Pre Evacuate Collection Set: 0.1ms
[2024-02-05T11:53:03.792+0200][gc,phases    ] GC(1)   Evacuate Collection Set: 30.0ms
[2024-02-05T11:53:03.792+0200][gc,phases    ] GC(1)   Post Evacuate Collection Set: 1.2ms
[2024-02-05T11:53:03.792+0200][gc,phases    ] GC(1)   Other: 1.2ms
[2024-02-05T11:53:03.792+0200][gc,heap      ] GC(1) Eden regions: 18->0(50)
[2024-02-05T11:53:03.792+0200][gc,heap      ] GC(1) Survivor regions: 7->1(7)
[2024-02-05T11:53:03.792+0200][gc,heap      ] GC(1) Old regions: 2->9
[2024-02-05T11:53:03.792+0200][gc,heap      ] GC(1) Humongous regions: 0->0
[2024-02-05T11:53:03.792+0200][gc,metaspace ] GC(1) Metaspace: 20559K(21248K)->20559K(21248K) NonClass: 17772K(18176K)->17772K(18176K) Class: 2786K(3072K)->2786K(3072K)
[2024-02-05T11:53:03.792+0200][gc           ] GC(1) Pause Young (Concurrent Start) (Metadata GC Threshold) 24M->8M(1024M) 32.713ms
[2024-02-05T11:53:03.793+0200][gc,cpu       ] GC(1) User=0.09s Sys=0.01s Real=0.03s
[2024-02-05T11:53:03.793+0200][gc           ] GC(2) Concurrent Cycle
[2024-02-05T11:53:03.793+0200][gc,marking   ] GC(2) Concurrent Clear Claimed Marks
[2024-02-05T11:53:03.793+0200][gc,marking   ] GC(2) Concurrent Clear Claimed Marks 0.345ms
[2024-02-05T11:53:03.793+0200][gc,marking   ] GC(2) Concurrent Scan Root Regions
[2024-02-05T11:53:03.798+0200][gc,marking   ] GC(2) Concurrent Scan Root Regions 4.402ms
[2024-02-05T11:53:03.798+0200][gc,marking   ] GC(2) Concurrent Mark (4.659s)
[2024-02-05T11:53:03.798+0200][gc,marking   ] GC(2) Concurrent Mark From Roots
[2024-02-05T11:53:03.798+0200][gc,task      ] GC(2) Using 1 workers of 1 for marking
[2024-02-05T11:53:03.822+0200][gc,marking   ] GC(2) Concurrent Mark From Roots 24.462ms
[2024-02-05T11:53:03.823+0200][gc,marking   ] GC(2) Concurrent Preclean
[2024-02-05T11:53:03.823+0200][gc,marking   ] GC(2) Concurrent Preclean 0.363ms
[2024-02-05T11:53:03.823+0200][gc,marking   ] GC(2) Concurrent Mark (4.659s, 4.684s) 25.042ms
[2024-02-05T11:53:03.823+0200][gc,start     ] GC(2) Pause Remark
[2024-02-05T11:53:03.828+0200][gc,stringtable] GC(2) Cleaned string and symbol table, strings: 5440 processed, 0 removed, symbols: 50618 processed, 55 removed
[2024-02-05T11:53:03.829+0200][gc            ] GC(2) Pause Remark 8M->8M(1024M) 5.961ms
[2024-02-05T11:53:03.829+0200][gc,cpu        ] GC(2) User=0.02s Sys=0.00s Real=0.01s
[2024-02-05T11:53:03.830+0200][gc,marking    ] GC(2) Concurrent Rebuild Remembered Sets
[2024-02-05T11:53:03.840+0200][gc,marking    ] GC(2) Concurrent Rebuild Remembered Sets 10.045ms
[2024-02-05T11:53:03.840+0200][gc,start      ] GC(2) Pause Cleanup
[2024-02-05T11:53:03.840+0200][gc            ] GC(2) Pause Cleanup 9M->9M(1024M) 0.356ms
[2024-02-05T11:53:03.840+0200][gc,cpu        ] GC(2) User=0.00s Sys=0.00s Real=0.00s
[2024-02-05T11:53:03.841+0200][gc,marking    ] GC(2) Concurrent Cleanup for Next Mark
[2024-02-05T11:53:03.857+0200][gc,marking    ] GC(2) Concurrent Cleanup for Next Mark 16.290ms
[2024-02-05T11:53:03.857+0200][gc            ] GC(2) Concurrent Cycle 64.398ms
[2024-02-05T11:53:14.096+0200][gc,start      ] GC(3) Pause Young (Normal) (G1 Evacuation Pause)
[2024-02-05T11:53:14.096+0200][gc,task       ] GC(3) Using 4 workers of 4 for evacuation
[2024-02-05T11:53:14.107+0200][gc,phases     ] GC(3)   Pre Evacuate Collection Set: 0.1ms
[2024-02-05T11:53:14.107+0200][gc,phases     ] GC(3)   Evacuate Collection Set: 9.7ms
[2024-02-05T11:53:14.107+0200][gc,phases     ] GC(3)   Post Evacuate Collection Set: 0.9ms
[2024-02-05T11:53:14.107+0200][gc,phases     ] GC(3)   Other: 0.4ms
[2024-02-05T11:53:14.107+0200][gc,heap       ] GC(3) Eden regions: 50->0(46)
[2024-02-05T11:53:14.107+0200][gc,heap       ] GC(3) Survivor regions: 1->5(7)
[2024-02-05T11:53:14.107+0200][gc,heap       ] GC(3) Old regions: 9->9
[2024-02-05T11:53:14.107+0200][gc,heap       ] GC(3) Humongous regions: 129->129
[2024-02-05T11:53:14.107+0200][gc,metaspace  ] GC(3) Metaspace: 29188K(30464K)->29188K(30464K) NonClass: 25404K(26112K)->25404K(26112K) Class: 3783K(4352K)->3783K(4352K)
[2024-02-05T11:53:14.107+0200][gc            ] GC(3) Pause Young (Normal) (G1 Evacuation Pause) 187M->140M(1024M) 11.800ms
[2024-02-05T11:53:14.108+0200][gc,cpu        ] GC(3) User=0.03s Sys=0.01s Real=0.02s
[2024-02-05T11:53:15.473+0200][gc,start      ] GC(4) Pause Young (Concurrent Start) (Metadata GC Threshold)
[2024-02-05T11:53:15.474+0200][gc,task       ] GC(4) Using 4 workers of 4 for evacuation
[2024-02-05T11:53:15.497+0200][gc,mmu        ] GC(4) MMU target violated: 21.0ms (20.0ms/21.0ms)
[2024-02-05T11:53:15.497+0200][gc,phases     ] GC(4)   Pre Evacuate Collection Set: 0.2ms
[2024-02-05T11:53:15.498+0200][gc,phases     ] GC(4)   Evacuate Collection Set: 22.1ms
[2024-02-05T11:53:15.498+0200][gc,phases     ] GC(4)   Post Evacuate Collection Set: 1.1ms
[2024-02-05T11:53:15.498+0200][gc,phases     ] GC(4)   Other: 0.6ms
[2024-02-05T11:53:15.498+0200][gc,heap       ] GC(4) Eden regions: 28->0(45)
[2024-02-05T11:53:15.498+0200][gc,heap       ] GC(4) Survivor regions: 5->6(7)
[2024-02-05T11:53:15.498+0200][gc,heap       ] GC(4) Old regions: 9->10
[2024-02-05T11:53:15.498+0200][gc,heap       ] GC(4) Humongous regions: 129->129
[2024-02-05T11:53:15.498+0200][gc,metaspace  ] GC(4) Metaspace: 34438K(35840K)->34438K(35840K) NonClass: 30027K(30720K)->30027K(30720K) Class: 4410K(5120K)->4410K(5120K)
[2024-02-05T11:53:15.498+0200][gc            ] GC(4) Pause Young (Concurrent Start) (Metadata GC Threshold) 167M->142M(1024M) 24.292ms
[2024-02-05T11:53:15.498+0200][gc,cpu        ] GC(4) User=0.09s Sys=0.00s Real=0.03s
[2024-02-05T11:53:15.498+0200][gc            ] GC(5) Concurrent Cycle
[2024-02-05T11:53:15.498+0200][gc,marking    ] GC(5) Concurrent Clear Claimed Marks
[2024-02-05T11:53:15.498+0200][gc,marking    ] GC(5) Concurrent Clear Claimed Marks 0.139ms
[2024-02-05T11:53:15.498+0200][gc,marking    ] GC(5) Concurrent Scan Root Regions
[2024-02-05T11:53:15.507+0200][gc,marking    ] GC(5) Concurrent Scan Root Regions 8.341ms
[2024-02-05T11:53:15.507+0200][gc,marking    ] GC(5) Concurrent Mark (16.367s)
[2024-02-05T11:53:15.507+0200][gc,marking    ] GC(5) Concurrent Mark From Roots
[2024-02-05T11:53:15.507+0200][gc,task       ] GC(5) Using 1 workers of 1 for marking
[2024-02-05T11:53:15.538+0200][gc,marking    ] GC(5) Concurrent Mark From Roots 31.344ms
[2024-02-05T11:53:15.538+0200][gc,marking    ] GC(5) Concurrent Preclean
[2024-02-05T11:53:15.538+0200][gc,marking    ] GC(5) Concurrent Preclean 0.127ms
[2024-02-05T11:53:15.538+0200][gc,marking    ] GC(5) Concurrent Mark (16.367s, 16.399s) 31.575ms
[2024-02-05T11:53:15.539+0200][gc,start      ] GC(5) Pause Remark
[2024-02-05T11:53:15.546+0200][gc,stringtable] GC(5) Cleaned string and symbol table, strings: 11649 processed, 13 removed, symbols: 81496 processed, 17 removed
[2024-02-05T11:53:15.547+0200][gc            ] GC(5) Pause Remark 143M->143M(1024M) 7.923ms
[2024-02-05T11:53:15.547+0200][gc,cpu        ] GC(5) User=0.03s Sys=0.01s Real=0.00s
[2024-02-05T11:53:15.548+0200][gc,marking    ] GC(5) Concurrent Rebuild Remembered Sets
[2024-02-05T11:53:15.564+0200][gc,marking    ] GC(5) Concurrent Rebuild Remembered Sets 16.164ms
[2024-02-05T11:53:15.568+0200][gc,start      ] GC(5) Pause Cleanup
[2024-02-05T11:53:15.568+0200][gc            ] GC(5) Pause Cleanup 143M->143M(1024M) 0.410ms
[2024-02-05T11:53:15.568+0200][gc,cpu        ] GC(5) User=0.00s Sys=0.00s Real=0.00s
[2024-02-05T11:53:15.568+0200][gc,marking    ] GC(5) Concurrent Cleanup for Next Mark
[2024-02-05T11:53:15.587+0200][gc,marking    ] GC(5) Concurrent Cleanup for Next Mark 19.026ms
[2024-02-05T11:53:15.587+0200][gc            ] GC(5) Concurrent Cycle 89.483ms
[2024-02-05T11:56:02.546+0200][gc,start      ] GC(6) Pause Young (Normal) (G1 Evacuation Pause)
[2024-02-05T11:56:02.546+0200][gc,task       ] GC(6) Using 4 workers of 4 for evacuation
[2024-02-05T11:56:02.565+0200][gc,phases     ] GC(6)   Pre Evacuate Collection Set: 0.8ms
[2024-02-05T11:56:02.565+0200][gc,phases     ] GC(6)   Evacuate Collection Set: 16.7ms
[2024-02-05T11:56:02.565+0200][gc,phases     ] GC(6)   Post Evacuate Collection Set: 1.2ms
[2024-02-05T11:56:02.565+0200][gc,phases     ] GC(6)   Other: 0.5ms
[2024-02-05T11:56:02.565+0200][gc,heap       ] GC(6) Eden regions: 45->0(45)
[2024-02-05T11:56:02.565+0200][gc,heap       ] GC(6) Survivor regions: 6->6(7)
[2024-02-05T11:56:02.565+0200][gc,heap       ] GC(6) Old regions: 10->13
[2024-02-05T11:56:02.565+0200][gc,heap       ] GC(6) Humongous regions: 153->129
[2024-02-05T11:56:02.565+0200][gc,metaspace  ] GC(6) Metaspace: 41596K(44160K)->41596K(44160K) NonClass: 35968K(37376K)->35968K(37376K) Class: 5628K(6784K)->5628K(6784K)
[2024-02-05T11:56:02.565+0200][gc            ] GC(6) Pause Young (Normal) (G1 Evacuation Pause) 211M->145M(1024M) 19.450ms
[2024-02-05T11:56:02.565+0200][gc,cpu        ] GC(6) User=0.06s Sys=0.01s Real=0.02s
[2024-02-05T12:29:33.361+0200][gc,start      ] GC(7) Pause Young (Normal) (G1 Evacuation Pause)
[2024-02-05T12:29:33.361+0200][gc,task       ] GC(7) Using 4 workers of 4 for evacuation
[2024-02-05T12:29:33.415+0200][gc,mmu        ] GC(7) MMU target violated: 21.0ms (20.0ms/21.0ms)
[2024-02-05T12:29:33.415+0200][gc,phases     ] GC(7)   Pre Evacuate Collection Set: 0.7ms
[2024-02-05T12:29:33.415+0200][gc,phases     ] GC(7)   Evacuate Collection Set: 50.5ms
[2024-02-05T12:29:33.415+0200][gc,phases     ] GC(7)   Post Evacuate Collection Set: 1.6ms
[2024-02-05T12:29:33.415+0200][gc,phases     ] GC(7)   Other: 1.2ms
[2024-02-05T12:29:33.415+0200][gc,heap       ] GC(7) Eden regions: 45->0(48)
[2024-02-05T12:29:33.415+0200][gc,heap       ] GC(7) Survivor regions: 6->3(7)
[2024-02-05T12:29:33.415+0200][gc,heap       ] GC(7) Old regions: 13->15
[2024-02-05T12:29:33.415+0200][gc,heap       ] GC(7) Humongous regions: 129->129
[2024-02-05T12:29:33.415+0200][gc,metaspace  ] GC(7) Metaspace: 41984K(44544K)->41984K(44544K) NonClass: 36321K(37632K)->36321K(37632K) Class: 5662K(6912K)->5662K(6912K)
[2024-02-05T12:29:33.415+0200][gc            ] GC(7) Pause Young (Normal) (G1 Evacuation Pause) 190M->145M(1024M) 53.984ms
[2024-02-05T12:29:33.415+0200][gc,cpu        ] GC(7) User=0.14s Sys=0.01s Real=0.05s
[2024-02-05T12:57:48.249+0200][gc,start      ] GC(8) Pause Young (Normal) (G1 Evacuation Pause)
[2024-02-05T12:57:48.250+0200][gc,task       ] GC(8) Using 4 workers of 4 for evacuation
[2024-02-05T12:57:48.376+0200][gc,mmu        ] GC(8) MMU target violated: 21.0ms (20.0ms/21.0ms)
[2024-02-05T12:57:48.376+0200][gc,phases     ] GC(8)   Pre Evacuate Collection Set: 20.6ms
[2024-02-05T12:57:48.376+0200][gc,phases     ] GC(8)   Evacuate Collection Set: 99.5ms
[2024-02-05T12:57:48.376+0200][gc,phases     ] GC(8)   Post Evacuate Collection Set: 4.5ms
[2024-02-05T12:57:48.376+0200][gc,phases     ] GC(8)   Other: 3.2ms
[2024-02-05T12:57:48.376+0200][gc,heap       ] GC(8) Eden regions: 48->0(47)
[2024-02-05T12:57:48.376+0200][gc,heap       ] GC(8) Survivor regions: 3->4(7)
[2024-02-05T12:57:48.376+0200][gc,heap       ] GC(8) Old regions: 15->15
[2024-02-05T12:57:48.376+0200][gc,heap       ] GC(8) Humongous regions: 129->129
[2024-02-05T12:57:48.377+0200][gc,metaspace  ] GC(8) Metaspace: 42358K(45056K)->42358K(45056K) NonClass: 36679K(38144K)->36679K(38144K) Class: 5678K(6912K)->5678K(6912K)
[2024-02-05T12:57:48.377+0200][gc            ] GC(8) Pause Young (Normal) (G1 Evacuation Pause) 193M->145M(1024M) 127.574ms
[2024-02-05T12:57:48.377+0200][gc,cpu        ] GC(8) User=0.37s Sys=0.01s Real=0.12s
[2024-02-05T13:25:33.421+0200][gc,start      ] GC(9) Pause Young (Normal) (G1 Evacuation Pause)
[2024-02-05T13:25:33.421+0200][gc,task       ] GC(9) Using 4 workers of 4 for evacuation
[2024-02-05T13:25:33.610+0200][gc,mmu        ] GC(9) MMU target violated: 21.0ms (20.0ms/21.0ms)
[2024-02-05T13:25:33.610+0200][gc,phases     ] GC(9)   Pre Evacuate Collection Set: 1.1ms
[2024-02-05T13:25:33.610+0200][gc,phases     ] GC(9)   Evacuate Collection Set: 179.0ms
[2024-02-05T13:25:33.610+0200][gc,phases     ] GC(9)   Post Evacuate Collection Set: 7.6ms
[2024-02-05T13:25:33.611+0200][gc,phases     ] GC(9)   Other: 88.0ms
[2024-02-05T13:25:33.611+0200][gc,heap       ] GC(9) Eden regions: 47->0(47)
[2024-02-05T13:25:33.611+0200][gc,heap       ] GC(9) Survivor regions: 4->4(7)
[2024-02-05T13:25:33.611+0200][gc,heap       ] GC(9) Old regions: 15->15
[2024-02-05T13:25:33.611+0200][gc,heap       ] GC(9) Humongous regions: 129->129
[2024-02-05T13:25:33.611+0200][gc,metaspace  ] GC(9) Metaspace: 42378K(45056K)->42378K(45056K) NonClass: 36700K(38144K)->36700K(38144K) Class: 5678K(6912K)->5678K(6912K)
[2024-02-05T13:25:33.611+0200][gc            ] GC(9) Pause Young (Normal) (G1 Evacuation Pause) 192M->145M(1024M) 190.557ms
[2024-02-05T13:25:33.611+0200][gc,cpu        ] GC(9) User=0.62s Sys=0.08s Real=0.19s
[2024-02-05T13:53:33.249+0200][gc,start      ] GC(10) Pause Young (Normal) (G1 Evacuation Pause)
[2024-02-05T13:53:33.249+0200][gc,task       ] GC(10) Using 4 workers of 4 for evacuation
[2024-02-05T13:53:33.374+0200][gc,mmu        ] GC(10) MMU target violated: 21.0ms (20.0ms/21.0ms)
[2024-02-05T13:53:33.374+0200][gc,phases     ] GC(10)   Pre Evacuate Collection Set: 1.0ms
[2024-02-05T13:53:33.374+0200][gc,phases     ] GC(10)   Evacuate Collection Set: 106.4ms
[2024-02-05T13:53:33.374+0200][gc,phases     ] GC(10)   Post Evacuate Collection Set: 16.5ms
[2024-02-05T13:53:33.375+0200][gc,phases     ] GC(10)   Other: 2.2ms
[2024-02-05T13:53:33.375+0200][gc,heap       ] GC(10) Eden regions: 47->0(48)
[2024-02-05T13:53:33.375+0200][gc,heap       ] GC(10) Survivor regions: 4->3(7)
[2024-02-05T13:53:33.375+0200][gc,heap       ] GC(10) Old regions: 15->15
[2024-02-05T13:53:33.375+0200][gc,heap       ] GC(10) Humongous regions: 129->129
[2024-02-05T13:53:33.375+0200][gc,metaspace  ] GC(10) Metaspace: 42433K(45056K)->42433K(45056K) NonClass: 36755K(38144K)->36755K(38144K) Class: 5678K(6912K)->5678K(6912K)
[2024-02-05T13:53:33.375+0200][gc            ] GC(10) Pause Young (Normal) (G1 Evacuation Pause) 192M->145M(1024M) 126.257ms
[2024-02-05T13:53:33.375+0200][gc,cpu        ] GC(10) User=0.26s Sys=0.03s Real=0.12s
[2024-02-05T14:22:10.600+0200][gc,start      ] GC(11) Pause Young (Normal) (G1 Evacuation Pause)
[2024-02-05T14:22:10.600+0200][gc,task       ] GC(11) Using 4 workers of 4 for evacuation
[2024-02-05T14:22:11.013+0200][gc,mmu        ] GC(11) MMU target violated: 21.0ms (20.0ms/21.0ms)
[2024-02-05T14:22:11.013+0200][gc,phases     ] GC(11)   Pre Evacuate Collection Set: 1.4ms
[2024-02-05T14:22:11.013+0200][gc,phases     ] GC(11)   Evacuate Collection Set: 352.7ms
[2024-02-05T14:22:11.013+0200][gc,phases     ] GC(11)   Post Evacuate Collection Set: 10.1ms
[2024-02-05T14:22:11.013+0200][gc,phases     ] GC(11)   Other: 50.3ms
[2024-02-05T14:22:11.014+0200][gc,heap       ] GC(11) Eden regions: 48->0(48)
[2024-02-05T14:22:11.014+0200][gc,heap       ] GC(11) Survivor regions: 3->3(7)
[2024-02-05T14:22:11.014+0200][gc,heap       ] GC(11) Old regions: 15->15
[2024-02-05T14:22:11.014+0200][gc,heap       ] GC(11) Humongous regions: 129->129
[2024-02-05T14:22:11.014+0200][gc,metaspace  ] GC(11) Metaspace: 42459K(45056K)->42459K(45056K) NonClass: 36781K(38144K)->36781K(38144K) Class: 5678K(6912K)->5678K(6912K)
[2024-02-05T14:22:11.014+0200][gc            ] GC(11) Pause Young (Normal) (G1 Evacuation Pause) 193M->145M(1024M) 414.766ms
[2024-02-05T14:22:11.014+0200][gc,cpu        ] GC(11) User=1.06s Sys=0.12s Real=0.41s
[2024-02-05T14:50:48.007+0200][gc,start      ] GC(12) Pause Young (Normal) (G1 Evacuation Pause)
[2024-02-05T14:50:48.040+0200][gc,task       ] GC(12) Using 4 workers of 4 for evacuation
[2024-02-05T14:50:48.715+0200][gc,mmu        ] GC(12) MMU target violated: 21.0ms (20.0ms/21.0ms)
[2024-02-05T14:50:48.715+0200][gc,phases     ] GC(12)   Pre Evacuate Collection Set: 76.8ms
[2024-02-05T14:50:48.715+0200][gc,phases     ] GC(12)   Evacuate Collection Set: 307.4ms
[2024-02-05T14:50:48.715+0200][gc,phases     ] GC(12)   Post Evacuate Collection Set: 154.5ms
[2024-02-05T14:50:48.716+0200][gc,phases     ] GC(12)   Other: 170.3ms
[2024-02-05T14:50:48.716+0200][gc,heap       ] GC(12) Eden regions: 48->0(48)
[2024-02-05T14:50:48.716+0200][gc,heap       ] GC(12) Survivor regions: 3->3(7)
[2024-02-05T14:50:48.716+0200][gc,heap       ] GC(12) Old regions: 15->15
[2024-02-05T14:50:48.716+0200][gc,heap       ] GC(12) Humongous regions: 129->129
[2024-02-05T14:50:48.717+0200][gc,metaspace  ] GC(12) Metaspace: 42477K(45056K)->42477K(45056K) NonClass: 36798K(38144K)->36798K(38144K) Class: 5679K(6912K)->5679K(6912K)
[2024-02-05T14:50:48.717+0200][gc            ] GC(12) Pause Young (Normal) (G1 Evacuation Pause) 193M->145M(1024M) 710.237ms
[2024-02-05T14:50:48.717+0200][gc,cpu        ] GC(12) User=1.96s Sys=0.04s Real=0.72s
[2024-02-05T15:05:36.691+0200][gc,heap,exit  ] Heap
[2024-02-05T15:05:36.691+0200][gc,heap,exit  ]  garbage-first heap   total 1048576K, used 181891K [0x00000000c0000000, 0x0000000100000000)
[2024-02-05T15:05:36.691+0200][gc,heap,exit  ]   region size 1024K, 36 young (36864K), 3 survivors (3072K)
[2024-02-05T15:05:36.691+0200][gc,heap,exit  ]  Metaspace       used 43261K, capacity 45838K, committed 46080K, reserved 1087488K
[2024-02-05T15:05:36.691+0200][gc,heap,exit  ]   class space    used 5899K, capacity 7120K, committed 7168K, reserved 1048576K
