[2024-02-05T11:18:54.180+0200][gc,heap] Heap region size: 1M
[2024-02-05T11:18:54.201+0200][gc     ] Using G1
[2024-02-05T11:18:54.201+0200][gc,heap,coops] Heap address: 0x00000000c0000000, size: 1024 MB, Compressed Oops mode: 32-bit
[2024-02-05T11:18:54.202+0200][gc,cds       ] Mark closed archive regions in map: [0x00000000fff00000, 0x00000000fff6bff8]
[2024-02-05T11:18:54.203+0200][gc,cds       ] Mark open archive regions in map: [0x00000000ffe00000, 0x00000000ffe47ff8]
[2024-02-05T11:18:57.631+0200][gc,start     ] GC(0) Pause Young (Normal) (G1 Evacuation Pause)
[2024-02-05T11:18:57.632+0200][gc,task      ] GC(0) Using 4 workers of 4 for evacuation
[2024-02-05T11:18:57.649+0200][gc,phases    ] GC(0)   Pre Evacuate Collection Set: 0.1ms
[2024-02-05T11:18:57.649+0200][gc,phases    ] GC(0)   Evacuate Collection Set: 15.6ms
[2024-02-05T11:18:57.649+0200][gc,phases    ] GC(0)   Post Evacuate Collection Set: 0.8ms
[2024-02-05T11:18:57.649+0200][gc,phases    ] GC(0)   Other: 1.1ms
[2024-02-05T11:18:57.649+0200][gc,heap      ] GC(0) Eden regions: 51->0(44)
[2024-02-05T11:18:57.649+0200][gc,heap      ] GC(0) Survivor regions: 0->7(7)
[2024-02-05T11:18:57.649+0200][gc,heap      ] GC(0) Old regions: 2->2
[2024-02-05T11:18:57.649+0200][gc,heap      ] GC(0) Humongous regions: 0->0
[2024-02-05T11:18:57.649+0200][gc,metaspace ] GC(0) Metaspace: 16040K(16768K)->16040K(16768K) NonClass: 13875K(14336K)->13875K(14336K) Class: 2164K(2432K)->2164K(2432K)
[2024-02-05T11:18:57.649+0200][gc           ] GC(0) Pause Young (Normal) (G1 Evacuation Pause) 51M->7M(1024M) 17.893ms
[2024-02-05T11:18:57.649+0200][gc,cpu       ] GC(0) User=0.06s Sys=0.01s Real=0.02s
[2024-02-05T11:18:58.364+0200][gc,start     ] GC(1) Pause Young (Concurrent Start) (Metadata GC Threshold)
[2024-02-05T11:18:58.365+0200][gc,task      ] GC(1) Using 4 workers of 4 for evacuation
[2024-02-05T11:18:58.397+0200][gc,mmu       ] GC(1) MMU target violated: 21.0ms (20.0ms/21.0ms)
[2024-02-05T11:18:58.397+0200][gc,phases    ] GC(1)   Pre Evacuate Collection Set: 0.1ms
[2024-02-05T11:18:58.397+0200][gc,phases    ] GC(1)   Evacuate Collection Set: 31.3ms
[2024-02-05T11:18:58.397+0200][gc,phases    ] GC(1)   Post Evacuate Collection Set: 0.8ms
[2024-02-05T11:18:58.397+0200][gc,phases    ] GC(1)   Other: 0.6ms
[2024-02-05T11:18:58.397+0200][gc,heap      ] GC(1) Eden regions: 18->0(50)
[2024-02-05T11:18:58.397+0200][gc,heap      ] GC(1) Survivor regions: 7->1(7)
[2024-02-05T11:18:58.397+0200][gc,heap      ] GC(1) Old regions: 2->9
[2024-02-05T11:18:58.397+0200][gc,heap      ] GC(1) Humongous regions: 0->0
[2024-02-05T11:18:58.397+0200][gc,metaspace ] GC(1) Metaspace: 20536K(21248K)->20536K(21248K) NonClass: 17747K(18176K)->17747K(18176K) Class: 2788K(3072K)->2788K(3072K)
[2024-02-05T11:18:58.397+0200][gc           ] GC(1) Pause Young (Concurrent Start) (Metadata GC Threshold) 25M->8M(1024M) 33.023ms
[2024-02-05T11:18:58.397+0200][gc,cpu       ] GC(1) User=0.09s Sys=0.02s Real=0.04s
[2024-02-05T11:18:58.398+0200][gc           ] GC(2) Concurrent Cycle
[2024-02-05T11:18:58.399+0200][gc,marking   ] GC(2) Concurrent Clear Claimed Marks
[2024-02-05T11:18:58.399+0200][gc,marking   ] GC(2) Concurrent Clear Claimed Marks 1.648ms
[2024-02-05T11:18:58.399+0200][gc,marking   ] GC(2) Concurrent Scan Root Regions
[2024-02-05T11:18:58.402+0200][gc,marking   ] GC(2) Concurrent Scan Root Regions 2.205ms
[2024-02-05T11:18:58.402+0200][gc,marking   ] GC(2) Concurrent Mark (4.226s)
[2024-02-05T11:18:58.402+0200][gc,marking   ] GC(2) Concurrent Mark From Roots
[2024-02-05T11:18:58.402+0200][gc,task      ] GC(2) Using 1 workers of 1 for marking
[2024-02-05T11:18:58.418+0200][gc,marking   ] GC(2) Concurrent Mark From Roots 16.445ms
[2024-02-05T11:18:58.418+0200][gc,marking   ] GC(2) Concurrent Preclean
[2024-02-05T11:18:58.418+0200][gc,marking   ] GC(2) Concurrent Preclean 0.249ms
[2024-02-05T11:18:58.419+0200][gc,marking   ] GC(2) Concurrent Mark (4.226s, 4.242s) 16.857ms
[2024-02-05T11:18:58.419+0200][gc,start     ] GC(2) Pause Remark
[2024-02-05T11:18:58.423+0200][gc,stringtable] GC(2) Cleaned string and symbol table, strings: 5453 processed, 0 removed, symbols: 50618 processed, 55 removed
[2024-02-05T11:18:58.424+0200][gc            ] GC(2) Pause Remark 8M->8M(1024M) 4.835ms
[2024-02-05T11:18:58.424+0200][gc,cpu        ] GC(2) User=0.01s Sys=0.00s Real=0.00s
[2024-02-05T11:18:58.424+0200][gc,marking    ] GC(2) Concurrent Rebuild Remembered Sets
[2024-02-05T11:18:58.433+0200][gc,marking    ] GC(2) Concurrent Rebuild Remembered Sets 8.801ms
[2024-02-05T11:18:58.434+0200][gc,start      ] GC(2) Pause Cleanup
[2024-02-05T11:18:58.434+0200][gc            ] GC(2) Pause Cleanup 9M->9M(1024M) 0.467ms
[2024-02-05T11:18:58.434+0200][gc,cpu        ] GC(2) User=0.00s Sys=0.00s Real=0.00s
[2024-02-05T11:18:58.434+0200][gc,marking    ] GC(2) Concurrent Cleanup for Next Mark
[2024-02-05T11:18:58.443+0200][gc,marking    ] GC(2) Concurrent Cleanup for Next Mark 8.797ms
[2024-02-05T11:18:58.443+0200][gc            ] GC(2) Concurrent Cycle 45.698ms
[2024-02-05T11:19:08.072+0200][gc,start      ] GC(3) Pause Young (Normal) (G1 Evacuation Pause)
[2024-02-05T11:19:08.072+0200][gc,task       ] GC(3) Using 4 workers of 4 for evacuation
[2024-02-05T11:19:08.084+0200][gc,phases     ] GC(3)   Pre Evacuate Collection Set: 0.2ms
[2024-02-05T11:19:08.084+0200][gc,phases     ] GC(3)   Evacuate Collection Set: 8.6ms
[2024-02-05T11:19:08.084+0200][gc,phases     ] GC(3)   Post Evacuate Collection Set: 1.2ms
[2024-02-05T11:19:08.084+0200][gc,phases     ] GC(3)   Other: 1.6ms
[2024-02-05T11:19:08.084+0200][gc,heap       ] GC(3) Eden regions: 50->0(47)
[2024-02-05T11:19:08.084+0200][gc,heap       ] GC(3) Survivor regions: 1->4(7)
[2024-02-05T11:19:08.084+0200][gc,heap       ] GC(3) Old regions: 9->9
[2024-02-05T11:19:08.084+0200][gc,heap       ] GC(3) Humongous regions: 129->129
[2024-02-05T11:19:08.084+0200][gc,metaspace  ] GC(3) Metaspace: 29165K(30464K)->29165K(30464K) NonClass: 25383K(26112K)->25383K(26112K) Class: 3782K(4352K)->3782K(4352K)
[2024-02-05T11:19:08.085+0200][gc            ] GC(3) Pause Young (Normal) (G1 Evacuation Pause) 187M->140M(1024M) 12.507ms
[2024-02-05T11:19:08.085+0200][gc,cpu        ] GC(3) User=0.03s Sys=0.00s Real=0.01s
[2024-02-05T11:19:09.265+0200][gc,start      ] GC(4) Pause Young (Concurrent Start) (Metadata GC Threshold)
[2024-02-05T11:19:09.265+0200][gc,task       ] GC(4) Using 4 workers of 4 for evacuation
[2024-02-05T11:19:09.279+0200][gc,phases     ] GC(4)   Pre Evacuate Collection Set: 0.2ms
[2024-02-05T11:19:09.279+0200][gc,phases     ] GC(4)   Evacuate Collection Set: 12.4ms
[2024-02-05T11:19:09.279+0200][gc,phases     ] GC(4)   Post Evacuate Collection Set: 0.9ms
[2024-02-05T11:19:09.279+0200][gc,phases     ] GC(4)   Other: 0.6ms
[2024-02-05T11:19:09.279+0200][gc,heap       ] GC(4) Eden regions: 28->0(45)
[2024-02-05T11:19:09.279+0200][gc,heap       ] GC(4) Survivor regions: 4->6(7)
[2024-02-05T11:19:09.279+0200][gc,heap       ] GC(4) Old regions: 9->10
[2024-02-05T11:19:09.279+0200][gc,heap       ] GC(4) Humongous regions: 129->129
[2024-02-05T11:19:09.279+0200][gc,metaspace  ] GC(4) Metaspace: 34421K(35840K)->34421K(35840K) NonClass: 30016K(30720K)->30016K(30720K) Class: 4405K(5120K)->4405K(5120K)
[2024-02-05T11:19:09.279+0200][gc            ] GC(4) Pause Young (Concurrent Start) (Metadata GC Threshold) 168M->142M(1024M) 14.288ms
[2024-02-05T11:19:09.279+0200][gc,cpu        ] GC(4) User=0.05s Sys=0.00s Real=0.02s
[2024-02-05T11:19:09.279+0200][gc            ] GC(5) Concurrent Cycle
[2024-02-05T11:19:09.279+0200][gc,marking    ] GC(5) Concurrent Clear Claimed Marks
[2024-02-05T11:19:09.279+0200][gc,marking    ] GC(5) Concurrent Clear Claimed Marks 0.135ms
[2024-02-05T11:19:09.279+0200][gc,marking    ] GC(5) Concurrent Scan Root Regions
[2024-02-05T11:19:09.285+0200][gc,marking    ] GC(5) Concurrent Scan Root Regions 5.627ms
[2024-02-05T11:19:09.285+0200][gc,marking    ] GC(5) Concurrent Mark (15.109s)
[2024-02-05T11:19:09.285+0200][gc,marking    ] GC(5) Concurrent Mark From Roots
[2024-02-05T11:19:09.285+0200][gc,task       ] GC(5) Using 1 workers of 1 for marking
[2024-02-05T11:19:09.318+0200][gc,marking    ] GC(5) Concurrent Mark From Roots 32.751ms
[2024-02-05T11:19:09.318+0200][gc,marking    ] GC(5) Concurrent Preclean
[2024-02-05T11:19:09.318+0200][gc,marking    ] GC(5) Concurrent Preclean 0.146ms
[2024-02-05T11:19:09.318+0200][gc,marking    ] GC(5) Concurrent Mark (15.109s, 15.142s) 33.067ms
[2024-02-05T11:19:09.319+0200][gc,start      ] GC(5) Pause Remark
[2024-02-05T11:19:09.324+0200][gc,stringtable] GC(5) Cleaned string and symbol table, strings: 11654 processed, 12 removed, symbols: 81536 processed, 17 removed
[2024-02-05T11:19:09.325+0200][gc            ] GC(5) Pause Remark 144M->144M(1024M) 6.101ms
[2024-02-05T11:19:09.325+0200][gc,cpu        ] GC(5) User=0.02s Sys=0.00s Real=0.00s
[2024-02-05T11:19:09.325+0200][gc,marking    ] GC(5) Concurrent Rebuild Remembered Sets
[2024-02-05T11:19:09.339+0200][gc,marking    ] GC(5) Concurrent Rebuild Remembered Sets 13.419ms
[2024-02-05T11:19:09.339+0200][gc,start      ] GC(5) Pause Cleanup
[2024-02-05T11:19:09.339+0200][gc            ] GC(5) Pause Cleanup 144M->144M(1024M) 0.235ms
[2024-02-05T11:19:09.339+0200][gc,cpu        ] GC(5) User=0.00s Sys=0.00s Real=0.00s
[2024-02-05T11:19:09.339+0200][gc,marking    ] GC(5) Concurrent Cleanup for Next Mark
[2024-02-05T11:19:09.360+0200][gc,marking    ] GC(5) Concurrent Cleanup for Next Mark 20.879ms
[2024-02-05T11:19:09.360+0200][gc            ] GC(5) Concurrent Cycle 81.136ms
[2024-02-05T11:31:11.543+0200][gc,start      ] GC(6) Pause Young (Normal) (G1 Evacuation Pause)
[2024-02-05T11:31:11.543+0200][gc,task       ] GC(6) Using 4 workers of 4 for evacuation
[2024-02-05T11:31:11.562+0200][gc,phases     ] GC(6)   Pre Evacuate Collection Set: 0.9ms
[2024-02-05T11:31:11.562+0200][gc,phases     ] GC(6)   Evacuate Collection Set: 16.5ms
[2024-02-05T11:31:11.562+0200][gc,phases     ] GC(6)   Post Evacuate Collection Set: 1.2ms
[2024-02-05T11:31:11.562+0200][gc,phases     ] GC(6)   Other: 0.5ms
[2024-02-05T11:31:11.562+0200][gc,heap       ] GC(6) Eden regions: 45->0(46)
[2024-02-05T11:31:11.562+0200][gc,heap       ] GC(6) Survivor regions: 6->5(7)
[2024-02-05T11:31:11.562+0200][gc,heap       ] GC(6) Old regions: 10->13
[2024-02-05T11:31:11.562+0200][gc,heap       ] GC(6) Humongous regions: 153->129
[2024-02-05T11:31:11.562+0200][gc,metaspace  ] GC(6) Metaspace: 39917K(42240K)->39917K(42240K) NonClass: 34521K(35840K)->34521K(35840K) Class: 5395K(6400K)->5395K(6400K)
[2024-02-05T11:31:11.562+0200][gc            ] GC(6) Pause Young (Normal) (G1 Evacuation Pause) 211M->144M(1024M) 19.297ms
[2024-02-05T11:31:11.562+0200][gc,cpu        ] GC(6) User=0.06s Sys=0.01s Real=0.02s
[2024-02-05T11:44:01.338+0200][gc,start      ] GC(7) Pause Young (Normal) (G1 Evacuation Pause)
[2024-02-05T11:44:01.338+0200][gc,task       ] GC(7) Using 4 workers of 4 for evacuation
[2024-02-05T11:44:01.375+0200][gc,mmu        ] GC(7) MMU target violated: 21.0ms (20.0ms/21.0ms)
[2024-02-05T11:44:01.375+0200][gc,phases     ] GC(7)   Pre Evacuate Collection Set: 1.0ms
[2024-02-05T11:44:01.375+0200][gc,phases     ] GC(7)   Evacuate Collection Set: 33.4ms
[2024-02-05T11:44:01.375+0200][gc,phases     ] GC(7)   Post Evacuate Collection Set: 1.9ms
[2024-02-05T11:44:01.375+0200][gc,phases     ] GC(7)   Other: 0.7ms
[2024-02-05T11:44:01.375+0200][gc,heap       ] GC(7) Eden regions: 46->0(47)
[2024-02-05T11:44:01.375+0200][gc,heap       ] GC(7) Survivor regions: 5->4(7)
[2024-02-05T11:44:01.375+0200][gc,heap       ] GC(7) Old regions: 13->16
[2024-02-05T11:44:01.375+0200][gc,heap       ] GC(7) Humongous regions: 129->129
[2024-02-05T11:44:01.375+0200][gc,metaspace  ] GC(7) Metaspace: 42799K(45568K)->42799K(45568K) NonClass: 36930K(38400K)->36930K(38400K) Class: 5869K(7168K)->5869K(7168K)
[2024-02-05T11:44:01.375+0200][gc            ] GC(7) Pause Young (Normal) (G1 Evacuation Pause) 190M->146M(1024M) 37.266ms
[2024-02-05T11:44:01.375+0200][gc,cpu        ] GC(7) User=0.13s Sys=0.01s Real=0.03s
[2024-02-05T11:46:24.914+0200][gc,heap,exit  ] Heap
[2024-02-05T11:46:24.914+0200][gc,heap,exit  ]  garbage-first heap   total 1048576K, used 167741K [0x00000000c0000000, 0x0000000100000000)
[2024-02-05T11:46:24.914+0200][gc,heap,exit  ]   region size 1024K, 22 young (22528K), 4 survivors (4096K)
[2024-02-05T11:46:24.914+0200][gc,heap,exit  ]  Metaspace       used 43616K, capacity 46434K, committed 46592K, reserved 1089536K
[2024-02-05T11:46:24.914+0200][gc,heap,exit  ]   class space    used 6086K, capacity 7421K, committed 7424K, reserved 1048576K
