[2024-02-05T11:18:45.511+0200][gc,heap] Heap region size: 1M
[2024-02-05T11:18:45.522+0200][gc     ] Using G1
[2024-02-05T11:18:45.522+0200][gc,heap,coops] Heap address: 0x00000000e0000000, size: 512 MB, Compressed Oops mode: 32-bit
[2024-02-05T11:18:45.522+0200][gc,cds       ] Mark closed archive regions in map: [0x00000000fff00000, 0x00000000fff6bff8]
[2024-02-05T11:18:45.522+0200][gc,cds       ] Mark open archive regions in map: [0x00000000ffe00000, 0x00000000ffe47ff8]
[2024-02-05T11:18:56.585+0200][gc,start     ] GC(0) Pause Young (Normal) (G1 Evacuation Pause)
[2024-02-05T11:18:56.586+0200][gc,task      ] GC(0) Using 4 workers of 4 for evacuation
[2024-02-05T11:18:56.608+0200][gc,mmu       ] GC(0) MMU target violated: 21.0ms (20.0ms/21.0ms)
[2024-02-05T11:18:56.608+0200][gc,phases    ] GC(0)   Pre Evacuate Collection Set: 0.1ms
[2024-02-05T11:18:56.608+0200][gc,phases    ] GC(0)   Evacuate Collection Set: 21.1ms
[2024-02-05T11:18:56.608+0200][gc,phases    ] GC(0)   Post Evacuate Collection Set: 0.8ms
[2024-02-05T11:18:56.608+0200][gc,phases    ] GC(0)   Other: 1.1ms
[2024-02-05T11:18:56.608+0200][gc,heap      ] GC(0) Eden regions: 25->0(21)
[2024-02-05T11:18:56.608+0200][gc,heap      ] GC(0) Survivor regions: 0->4(4)
[2024-02-05T11:18:56.608+0200][gc,heap      ] GC(0) Old regions: 2->4
[2024-02-05T11:18:56.608+0200][gc,heap      ] GC(0) Humongous regions: 0->0
[2024-02-05T11:18:56.608+0200][gc,metaspace ] GC(0) Metaspace: 7876K(8448K)->7876K(8448K) NonClass: 6999K(7424K)->6999K(7424K) Class: 877K(1024K)->877K(1024K)
[2024-02-05T11:18:56.608+0200][gc           ] GC(0) Pause Young (Normal) (G1 Evacuation Pause) 25M->6M(512M) 23.203ms
[2024-02-05T11:18:56.608+0200][gc,cpu       ] GC(0) User=0.07s Sys=0.00s Real=0.03s
[2024-02-05T11:50:07.806+0200][gc,heap,exit ] Heap
[2024-02-05T11:50:07.806+0200][gc,heap,exit ]  garbage-first heap   total 524288K, used 11609K [0x00000000e0000000, 0x0000000100000000)
[2024-02-05T11:50:07.806+0200][gc,heap,exit ]   region size 1024K, 10 young (10240K), 4 survivors (4096K)
[2024-02-05T11:50:07.806+0200][gc,heap,exit ]  Metaspace       used 8419K, capacity 8722K, committed 8960K, reserved 1056768K
[2024-02-05T11:50:07.806+0200][gc,heap,exit ]   class space    used 906K, capacity 1016K, committed 1024K, reserved 1048576K
