[2024-02-04T18:30:53.538+0200][gc,heap] Heap region size: 1M
[2024-02-04T18:30:53.563+0200][gc     ] Using G1
[2024-02-04T18:30:53.563+0200][gc,heap,coops] Heap address: 0x00000000e0000000, size: 512 MB, Compressed Oops mode: 32-bit
[2024-02-04T18:30:53.563+0200][gc,cds       ] Mark closed archive regions in map: [0x00000000fff00000, 0x00000000fff6bff8]
[2024-02-04T18:30:53.563+0200][gc,cds       ] Mark open archive regions in map: [0x00000000ffe00000, 0x00000000ffe47ff8]
[2024-02-04T18:39:18.529+0200][gc,start     ] GC(0) Pause Young (Normal) (G1 Evacuation Pause)
[2024-02-04T18:39:18.530+0200][gc,task      ] GC(0) Using 4 workers of 4 for evacuation
[2024-02-04T18:39:18.543+0200][gc,phases    ] GC(0)   Pre Evacuate Collection Set: 0.2ms
[2024-02-04T18:39:18.543+0200][gc,phases    ] GC(0)   Evacuate Collection Set: 12.6ms
[2024-02-04T18:39:18.543+0200][gc,phases    ] GC(0)   Post Evacuate Collection Set: 0.6ms
[2024-02-04T18:39:18.543+0200][gc,phases    ] GC(0)   Other: 0.9ms
[2024-02-04T18:39:18.543+0200][gc,heap      ] GC(0) Eden regions: 25->0(21)
[2024-02-04T18:39:18.543+0200][gc,heap      ] GC(0) Survivor regions: 0->4(4)
[2024-02-04T18:39:18.543+0200][gc,heap      ] GC(0) Old regions: 2->4
[2024-02-04T18:39:18.543+0200][gc,heap      ] GC(0) Humongous regions: 0->0
[2024-02-04T18:39:18.543+0200][gc,metaspace ] GC(0) Metaspace: 7732K(8192K)->7732K(8192K) NonClass: 6861K(7168K)->6861K(7168K) Class: 870K(1024K)->870K(1024K)
[2024-02-04T18:39:18.543+0200][gc           ] GC(0) Pause Young (Normal) (G1 Evacuation Pause) 25M->6M(512M) 14.459ms
[2024-02-04T18:39:18.543+0200][gc,cpu       ] GC(0) User=0.04s Sys=0.00s Real=0.01s
[2024-02-04T19:00:36.318+0200][gc,heap,exit ] Heap
[2024-02-04T19:00:36.318+0200][gc,heap,exit ]  garbage-first heap   total 524288K, used 14418K [0x00000000e0000000, 0x0000000100000000)
[2024-02-04T19:00:36.319+0200][gc,heap,exit ]   region size 1024K, 13 young (13312K), 4 survivors (4096K)
[2024-02-04T19:00:36.319+0200][gc,heap,exit ]  Metaspace       used 8576K, capacity 8850K, committed 8960K, reserved 1056768K
[2024-02-04T19:00:36.319+0200][gc,heap,exit ]   class space    used 905K, capacity 1016K, committed 1024K, reserved 1048576K
