[2024-02-05T11:52:17.929+0200][gc,heap] Heap region size: 1M
[2024-02-05T11:52:17.942+0200][gc     ] Using G1
[2024-02-05T11:52:17.943+0200][gc,heap,coops] Heap address: 0x00000000e0000000, size: 512 MB, Compressed Oops mode: 32-bit
[2024-02-05T11:52:17.943+0200][gc,cds       ] Mark closed archive regions in map: [0x00000000fff00000, 0x00000000fff6bff8]
[2024-02-05T11:52:17.944+0200][gc,cds       ] Mark open archive regions in map: [0x00000000ffe00000, 0x00000000ffe47ff8]
[2024-02-05T11:53:01.996+0200][gc,start     ] GC(0) Pause Young (Normal) (G1 Evacuation Pause)
[2024-02-05T11:53:01.997+0200][gc,task      ] GC(0) Using 4 workers of 4 for evacuation
[2024-02-05T11:53:02.013+0200][gc,phases    ] GC(0)   Pre Evacuate Collection Set: 0.3ms
[2024-02-05T11:53:02.013+0200][gc,phases    ] GC(0)   Evacuate Collection Set: 15.3ms
[2024-02-05T11:53:02.013+0200][gc,phases    ] GC(0)   Post Evacuate Collection Set: 0.7ms
[2024-02-05T11:53:02.013+0200][gc,phases    ] GC(0)   Other: 1.1ms
[2024-02-05T11:53:02.013+0200][gc,heap      ] GC(0) Eden regions: 25->0(21)
[2024-02-05T11:53:02.013+0200][gc,heap      ] GC(0) Survivor regions: 0->4(4)
[2024-02-05T11:53:02.013+0200][gc,heap      ] GC(0) Old regions: 2->4
[2024-02-05T11:53:02.013+0200][gc,heap      ] GC(0) Humongous regions: 0->0
[2024-02-05T11:53:02.013+0200][gc,metaspace ] GC(0) Metaspace: 7859K(8448K)->7859K(8448K) NonClass: 6981K(7424K)->6981K(7424K) Class: 878K(1024K)->878K(1024K)
[2024-02-05T11:53:02.013+0200][gc           ] GC(0) Pause Young (Normal) (G1 Evacuation Pause) 25M->6M(512M) 17.625ms
[2024-02-05T11:53:02.014+0200][gc,cpu       ] GC(0) User=0.05s Sys=0.00s Real=0.02s
[2024-02-05T12:29:23.008+0200][gc,heap,exit ] Heap
[2024-02-05T12:29:23.009+0200][gc,heap,exit ]  garbage-first heap   total 524288K, used 12627K [0x00000000e0000000, 0x0000000100000000)
[2024-02-05T12:29:23.009+0200][gc,heap,exit ]   region size 1024K, 11 young (11264K), 4 survivors (4096K)
[2024-02-05T12:29:23.009+0200][gc,heap,exit ]  Metaspace       used 8371K, capacity 8658K, committed 8704K, reserved 1056768K
[2024-02-05T12:29:23.009+0200][gc,heap,exit ]   class space    used 905K, capacity 1016K, committed 1024K, reserved 1048576K
