[2024-02-05T09:40:40.377+0200][gc,heap] Heap region size: 1M
[2024-02-05T09:40:40.385+0200][gc     ] Using G1
[2024-02-05T09:40:40.385+0200][gc,heap,coops] Heap address: 0x00000000e0000000, size: 512 MB, Compressed Oops mode: 32-bit
[2024-02-05T09:40:40.385+0200][gc,cds       ] Mark closed archive regions in map: [0x00000000fff00000, 0x00000000fff6bff8]
[2024-02-05T09:40:40.385+0200][gc,cds       ] Mark open archive regions in map: [0x00000000ffe00000, 0x00000000ffe47ff8]
[2024-02-05T09:41:05.049+0200][gc,start     ] GC(0) Pause Young (Normal) (G1 Evacuation Pause)
[2024-02-05T09:41:05.050+0200][gc,task      ] GC(0) Using 4 workers of 4 for evacuation
[2024-02-05T09:41:05.070+0200][gc,mmu       ] GC(0) MMU target violated: 20.3ms (20.0ms/21.0ms)
[2024-02-05T09:41:05.070+0200][gc,phases    ] GC(0)   Pre Evacuate Collection Set: 0.1ms
[2024-02-05T09:41:05.070+0200][gc,phases    ] GC(0)   Evacuate Collection Set: 19.4ms
[2024-02-05T09:41:05.070+0200][gc,phases    ] GC(0)   Post Evacuate Collection Set: 0.7ms
[2024-02-05T09:41:05.071+0200][gc,phases    ] GC(0)   Other: 1.3ms
[2024-02-05T09:41:05.071+0200][gc,heap      ] GC(0) Eden regions: 25->0(21)
[2024-02-05T09:41:05.071+0200][gc,heap      ] GC(0) Survivor regions: 0->4(4)
[2024-02-05T09:41:05.071+0200][gc,heap      ] GC(0) Old regions: 2->4
[2024-02-05T09:41:05.071+0200][gc,heap      ] GC(0) Humongous regions: 0->0
[2024-02-05T09:41:05.071+0200][gc,metaspace ] GC(0) Metaspace: 7839K(8448K)->7839K(8448K) NonClass: 6951K(7424K)->6951K(7424K) Class: 887K(1024K)->887K(1024K)
[2024-02-05T09:41:05.071+0200][gc           ] GC(0) Pause Young (Normal) (G1 Evacuation Pause) 25M->6M(512M) 21.634ms
[2024-02-05T09:41:05.071+0200][gc,cpu       ] GC(0) User=0.07s Sys=0.01s Real=0.02s
[2024-02-05T10:53:51.036+0200][gc,heap,exit ] Heap
[2024-02-05T10:53:51.063+0200][gc,heap,exit ]  garbage-first heap   total 524288K, used 14419K [0x00000000e0000000, 0x0000000100000000)
[2024-02-05T10:53:51.063+0200][gc,heap,exit ]   region size 1024K, 13 young (13312K), 4 survivors (4096K)
[2024-02-05T10:53:51.064+0200][gc,heap,exit ]  Metaspace       used 8537K, capacity 8850K, committed 8960K, reserved 1056768K
[2024-02-05T10:53:51.064+0200][gc,heap,exit ]   class space    used 904K, capacity 1016K, committed 1024K, reserved 1048576K
