[2024-02-05T15:04:44.760+0200][gc,heap] Heap region size: 1M
[2024-02-05T15:04:44.769+0200][gc     ] Using G1
[2024-02-05T15:04:44.769+0200][gc,heap,coops] Heap address: 0x00000000e0000000, size: 512 MB, Compressed Oops mode: 32-bit
[2024-02-05T15:04:44.770+0200][gc,cds       ] Mark closed archive regions in map: [0x00000000fff00000, 0x00000000fff6bff8]
[2024-02-05T15:04:44.770+0200][gc,cds       ] Mark open archive regions in map: [0x00000000ffe00000, 0x00000000ffe47ff8]
[2024-02-05T15:05:03.509+0200][gc,start     ] GC(0) Pause Young (Normal) (G1 Evacuation Pause)
[2024-02-05T15:05:03.510+0200][gc,task      ] GC(0) Using 4 workers of 4 for evacuation
[2024-02-05T15:05:03.526+0200][gc,phases    ] GC(0)   Pre Evacuate Collection Set: 0.1ms
[2024-02-05T15:05:03.527+0200][gc,phases    ] GC(0)   Evacuate Collection Set: 15.5ms
[2024-02-05T15:05:03.527+0200][gc,phases    ] GC(0)   Post Evacuate Collection Set: 0.7ms
[2024-02-05T15:05:03.527+0200][gc,phases    ] GC(0)   Other: 0.9ms
[2024-02-05T15:05:03.527+0200][gc,heap      ] GC(0) Eden regions: 25->0(21)
[2024-02-05T15:05:03.527+0200][gc,heap      ] GC(0) Survivor regions: 0->4(4)
[2024-02-05T15:05:03.527+0200][gc,heap      ] GC(0) Old regions: 2->4
[2024-02-05T15:05:03.527+0200][gc,heap      ] GC(0) Humongous regions: 0->0
[2024-02-05T15:05:03.527+0200][gc,metaspace ] GC(0) Metaspace: 7878K(8448K)->7878K(8448K) NonClass: 6999K(7424K)->6999K(7424K) Class: 879K(1024K)->879K(1024K)
[2024-02-05T15:05:03.527+0200][gc           ] GC(0) Pause Young (Normal) (G1 Evacuation Pause) 25M->6M(512M) 17.476ms
[2024-02-05T15:05:03.527+0200][gc,cpu       ] GC(0) User=0.05s Sys=0.00s Real=0.01s
