[2024-02-05T09:41:00.737+0200][gc,heap] Heap region size: 1M
[2024-02-05T09:41:00.751+0200][gc     ] Using G1
[2024-02-05T09:41:00.751+0200][gc,heap,coops] Heap address: 0x00000000c0000000, size: 1024 MB, Compressed Oops mode: 32-bit
[2024-02-05T09:41:00.751+0200][gc,cds       ] Mark closed archive regions in map: [0x00000000fff00000, 0x00000000fff6bff8]
[2024-02-05T09:41:00.751+0200][gc,cds       ] Mark open archive regions in map: [0x00000000ffe00000, 0x00000000ffe47ff8]
[2024-02-05T09:41:06.816+0200][gc,start     ] GC(0) Pause Young (Normal) (G1 Evacuation Pause)
[2024-02-05T09:41:06.817+0200][gc,task      ] GC(0) Using 4 workers of 4 for evacuation
[2024-02-05T09:41:06.845+0200][gc,mmu       ] GC(0) MMU target violated: 21.0ms (20.0ms/21.0ms)
[2024-02-05T09:41:06.845+0200][gc,phases    ] GC(0)   Pre Evacuate Collection Set: 0.2ms
[2024-02-05T09:41:06.845+0200][gc,phases    ] GC(0)   Evacuate Collection Set: 24.2ms
[2024-02-05T09:41:06.845+0200][gc,phases    ] GC(0)   Post Evacuate Collection Set: 3.1ms
[2024-02-05T09:41:06.845+0200][gc,phases    ] GC(0)   Other: 1.5ms
[2024-02-05T09:41:06.845+0200][gc,heap      ] GC(0) Eden regions: 51->0(44)
[2024-02-05T09:41:06.845+0200][gc,heap      ] GC(0) Survivor regions: 0->7(7)
[2024-02-05T09:41:06.845+0200][gc,heap      ] GC(0) Old regions: 2->2
[2024-02-05T09:41:06.845+0200][gc,heap      ] GC(0) Humongous regions: 0->0
[2024-02-05T09:41:06.845+0200][gc,metaspace ] GC(0) Metaspace: 16018K(16768K)->16018K(16768K) NonClass: 13847K(14336K)->13847K(14336K) Class: 2170K(2432K)->2170K(2432K)
[2024-02-05T09:41:06.845+0200][gc           ] GC(0) Pause Young (Normal) (G1 Evacuation Pause) 51M->7M(1024M) 29.116ms
[2024-02-05T09:41:06.845+0200][gc,cpu       ] GC(0) User=0.08s Sys=0.01s Real=0.03s
[2024-02-05T09:41:09.609+0200][gc,start     ] GC(1) Pause Young (Concurrent Start) (Metadata GC Threshold)
[2024-02-05T09:41:09.609+0200][gc,task      ] GC(1) Using 4 workers of 4 for evacuation
[2024-02-05T09:41:09.641+0200][gc,mmu       ] GC(1) MMU target violated: 21.0ms (20.0ms/21.0ms)
[2024-02-05T09:41:09.642+0200][gc,phases    ] GC(1)   Pre Evacuate Collection Set: 0.1ms
[2024-02-05T09:41:09.642+0200][gc,phases    ] GC(1)   Evacuate Collection Set: 27.6ms
[2024-02-05T09:41:09.642+0200][gc,phases    ] GC(1)   Post Evacuate Collection Set: 4.3ms
[2024-02-05T09:41:09.642+0200][gc,phases    ] GC(1)   Other: 0.7ms
[2024-02-05T09:41:09.642+0200][gc,heap      ] GC(1) Eden regions: 18->0(49)
[2024-02-05T09:41:09.643+0200][gc,heap      ] GC(1) Survivor regions: 7->2(7)
[2024-02-05T09:41:09.643+0200][gc,heap      ] GC(1) Old regions: 2->9
[2024-02-05T09:41:09.643+0200][gc,heap      ] GC(1) Humongous regions: 0->0
[2024-02-05T09:41:09.643+0200][gc,metaspace ] GC(1) Metaspace: 20484K(21248K)->20484K(21248K) NonClass: 17700K(18176K)->17700K(18176K) Class: 2783K(3072K)->2783K(3072K)
[2024-02-05T09:41:09.643+0200][gc           ] GC(1) Pause Young (Concurrent Start) (Metadata GC Threshold) 25M->8M(1024M) 34.182ms
[2024-02-05T09:41:09.643+0200][gc,cpu       ] GC(1) User=0.06s Sys=0.04s Real=0.03s
[2024-02-05T09:41:09.643+0200][gc           ] GC(2) Concurrent Cycle
[2024-02-05T09:41:09.643+0200][gc,marking   ] GC(2) Concurrent Clear Claimed Marks
[2024-02-05T09:41:09.644+0200][gc,marking   ] GC(2) Concurrent Clear Claimed Marks 0.074ms
[2024-02-05T09:41:09.644+0200][gc,marking   ] GC(2) Concurrent Scan Root Regions
[2024-02-05T09:41:09.645+0200][gc,marking   ] GC(2) Concurrent Scan Root Regions 1.190ms
[2024-02-05T09:41:09.645+0200][gc,marking   ] GC(2) Concurrent Mark (8.913s)
[2024-02-05T09:41:09.645+0200][gc,marking   ] GC(2) Concurrent Mark From Roots
[2024-02-05T09:41:09.645+0200][gc,task      ] GC(2) Using 1 workers of 1 for marking
[2024-02-05T09:41:09.670+0200][gc,marking   ] GC(2) Concurrent Mark From Roots 24.705ms
[2024-02-05T09:41:09.670+0200][gc,marking   ] GC(2) Concurrent Preclean
[2024-02-05T09:41:09.692+0200][gc,marking   ] GC(2) Concurrent Preclean 22.599ms
[2024-02-05T09:41:09.692+0200][gc,marking   ] GC(2) Concurrent Mark (8.913s, 8.960s) 47.681ms
[2024-02-05T09:41:09.693+0200][gc,start     ] GC(2) Pause Remark
[2024-02-05T09:41:09.697+0200][gc,stringtable] GC(2) Cleaned string and symbol table, strings: 5496 processed, 0 removed, symbols: 50774 processed, 57 removed
[2024-02-05T09:41:09.698+0200][gc            ] GC(2) Pause Remark 9M->9M(1024M) 4.759ms
[2024-02-05T09:41:09.698+0200][gc,cpu        ] GC(2) User=0.01s Sys=0.00s Real=0.01s
[2024-02-05T09:41:09.698+0200][gc,marking    ] GC(2) Concurrent Rebuild Remembered Sets
[2024-02-05T09:41:09.727+0200][gc,marking    ] GC(2) Concurrent Rebuild Remembered Sets 29.065ms
[2024-02-05T09:41:09.727+0200][gc,start      ] GC(2) Pause Cleanup
[2024-02-05T09:41:09.728+0200][gc            ] GC(2) Pause Cleanup 9M->9M(1024M) 0.482ms
[2024-02-05T09:41:09.728+0200][gc,cpu        ] GC(2) User=0.00s Sys=0.00s Real=0.00s
[2024-02-05T09:41:09.728+0200][gc,marking    ] GC(2) Concurrent Cleanup for Next Mark
[2024-02-05T09:41:09.752+0200][gc,marking    ] GC(2) Concurrent Cleanup for Next Mark 24.495ms
[2024-02-05T09:41:09.753+0200][gc            ] GC(2) Concurrent Cycle 109.153ms
[2024-02-05T09:41:14.004+0200][gc,start      ] GC(3) Pause Young (Normal) (G1 Evacuation Pause)
[2024-02-05T09:41:14.004+0200][gc,task       ] GC(3) Using 4 workers of 4 for evacuation
[2024-02-05T09:41:14.033+0200][gc,mmu        ] GC(3) MMU target violated: 21.0ms (20.0ms/21.0ms)
[2024-02-05T09:41:14.033+0200][gc,phases     ] GC(3)   Pre Evacuate Collection Set: 0.6ms
[2024-02-05T09:41:14.033+0200][gc,phases     ] GC(3)   Evacuate Collection Set: 26.2ms
[2024-02-05T09:41:14.033+0200][gc,phases     ] GC(3)   Post Evacuate Collection Set: 2.1ms
[2024-02-05T09:41:14.034+0200][gc,phases     ] GC(3)   Other: 0.6ms
[2024-02-05T09:41:14.034+0200][gc,heap       ] GC(3) Eden regions: 49->0(46)
[2024-02-05T09:41:14.034+0200][gc,heap       ] GC(3) Survivor regions: 2->5(7)
[2024-02-05T09:41:14.034+0200][gc,heap       ] GC(3) Old regions: 9->9
[2024-02-05T09:41:14.034+0200][gc,heap       ] GC(3) Humongous regions: 129->129
[2024-02-05T09:41:14.034+0200][gc,metaspace  ] GC(3) Metaspace: 29282K(30592K)->29282K(30592K) NonClass: 25501K(26368K)->25501K(26368K) Class: 3781K(4224K)->3781K(4224K)
[2024-02-05T09:41:14.034+0200][gc            ] GC(3) Pause Young (Normal) (G1 Evacuation Pause) 186M->140M(1024M) 29.683ms
[2024-02-05T09:41:14.034+0200][gc,cpu        ] GC(3) User=0.08s Sys=0.03s Real=0.04s
[2024-02-05T09:41:16.421+0200][gc,start      ] GC(4) Pause Young (Concurrent Start) (Metadata GC Threshold)
[2024-02-05T09:41:16.421+0200][gc,task       ] GC(4) Using 4 workers of 4 for evacuation
[2024-02-05T09:41:16.441+0200][gc,phases     ] GC(4)   Pre Evacuate Collection Set: 0.2ms
[2024-02-05T09:41:16.441+0200][gc,phases     ] GC(4)   Evacuate Collection Set: 18.7ms
[2024-02-05T09:41:16.441+0200][gc,phases     ] GC(4)   Post Evacuate Collection Set: 0.6ms
[2024-02-05T09:41:16.441+0200][gc,phases     ] GC(4)   Other: 0.5ms
[2024-02-05T09:41:16.441+0200][gc,heap       ] GC(4) Eden regions: 24->0(49)
[2024-02-05T09:41:16.441+0200][gc,heap       ] GC(4) Survivor regions: 5->2(7)
[2024-02-05T09:41:16.441+0200][gc,heap       ] GC(4) Old regions: 9->13
[2024-02-05T09:41:16.441+0200][gc,heap       ] GC(4) Humongous regions: 129->129
[2024-02-05T09:41:16.441+0200][gc,metaspace  ] GC(4) Metaspace: 34451K(35840K)->34451K(35840K) NonClass: 30020K(30720K)->30020K(30720K) Class: 4430K(5120K)->4430K(5120K)
[2024-02-05T09:41:16.441+0200][gc            ] GC(4) Pause Young (Concurrent Start) (Metadata GC Threshold) 164M->142M(1024M) 20.215ms
[2024-02-05T09:41:16.441+0200][gc,cpu        ] GC(4) User=0.07s Sys=0.00s Real=0.02s
[2024-02-05T09:41:16.441+0200][gc            ] GC(5) Concurrent Cycle
[2024-02-05T09:41:16.441+0200][gc,marking    ] GC(5) Concurrent Clear Claimed Marks
[2024-02-05T09:41:16.441+0200][gc,marking    ] GC(5) Concurrent Clear Claimed Marks 0.103ms
[2024-02-05T09:41:16.441+0200][gc,marking    ] GC(5) Concurrent Scan Root Regions
[2024-02-05T09:41:16.444+0200][gc,marking    ] GC(5) Concurrent Scan Root Regions 2.569ms
[2024-02-05T09:41:16.444+0200][gc,marking    ] GC(5) Concurrent Mark (15.712s)
[2024-02-05T09:41:16.444+0200][gc,marking    ] GC(5) Concurrent Mark From Roots
[2024-02-05T09:41:16.444+0200][gc,task       ] GC(5) Using 1 workers of 1 for marking
[2024-02-05T09:41:16.484+0200][gc,marking    ] GC(5) Concurrent Mark From Roots 40.283ms
[2024-02-05T09:41:16.484+0200][gc,marking    ] GC(5) Concurrent Preclean
[2024-02-05T09:41:16.484+0200][gc,marking    ] GC(5) Concurrent Preclean 0.186ms
[2024-02-05T09:41:16.484+0200][gc,marking    ] GC(5) Concurrent Mark (15.712s, 15.752s) 40.607ms
[2024-02-05T09:41:16.484+0200][gc,start      ] GC(5) Pause Remark
[2024-02-05T09:41:16.498+0200][gc,stringtable] GC(5) Cleaned string and symbol table, strings: 11488 processed, 13 removed, symbols: 82581 processed, 18 removed
[2024-02-05T09:41:16.499+0200][gc            ] GC(5) Pause Remark 143M->143M(1024M) 14.826ms
[2024-02-05T09:41:16.499+0200][gc,cpu        ] GC(5) User=0.05s Sys=0.01s Real=0.02s
[2024-02-05T09:41:16.500+0200][gc,marking    ] GC(5) Concurrent Rebuild Remembered Sets
[2024-02-05T09:41:16.526+0200][gc,marking    ] GC(5) Concurrent Rebuild Remembered Sets 26.351ms
[2024-02-05T09:41:16.526+0200][gc,start      ] GC(5) Pause Cleanup
[2024-02-05T09:41:16.527+0200][gc            ] GC(5) Pause Cleanup 145M->145M(1024M) 0.565ms
[2024-02-05T09:41:16.527+0200][gc,cpu        ] GC(5) User=0.00s Sys=0.00s Real=0.00s
[2024-02-05T09:41:16.527+0200][gc,marking    ] GC(5) Concurrent Cleanup for Next Mark
[2024-02-05T09:41:16.587+0200][gc,marking    ] GC(5) Concurrent Cleanup for Next Mark 60.235ms
[2024-02-05T09:41:16.587+0200][gc            ] GC(5) Concurrent Cycle 146.555ms
[2024-02-05T09:48:37.124+0200][gc,start      ] GC(6) Pause Young (Normal) (G1 Evacuation Pause)
[2024-02-05T09:48:37.124+0200][gc,task       ] GC(6) Using 4 workers of 4 for evacuation
[2024-02-05T09:48:37.137+0200][gc,phases     ] GC(6)   Pre Evacuate Collection Set: 0.9ms
[2024-02-05T09:48:37.137+0200][gc,phases     ] GC(6)   Evacuate Collection Set: 10.3ms
[2024-02-05T09:48:37.137+0200][gc,phases     ] GC(6)   Post Evacuate Collection Set: 1.3ms
[2024-02-05T09:48:37.137+0200][gc,phases     ] GC(6)   Other: 0.5ms
[2024-02-05T09:48:37.137+0200][gc,heap       ] GC(6) Eden regions: 49->0(46)
[2024-02-05T09:48:37.137+0200][gc,heap       ] GC(6) Survivor regions: 2->5(7)
[2024-02-05T09:48:37.137+0200][gc,heap       ] GC(6) Old regions: 13->13
[2024-02-05T09:48:37.137+0200][gc,heap       ] GC(6) Humongous regions: 129->129
[2024-02-05T09:48:37.137+0200][gc,metaspace  ] GC(6) Metaspace: 40746K(43136K)->40746K(43136K) NonClass: 35117K(36352K)->35117K(36352K) Class: 5629K(6784K)->5629K(6784K)
[2024-02-05T09:48:37.137+0200][gc            ] GC(6) Pause Young (Normal) (G1 Evacuation Pause) 191M->145M(1024M) 13.347ms
[2024-02-05T09:48:37.137+0200][gc,cpu        ] GC(6) User=0.04s Sys=0.00s Real=0.01s
[2024-02-05T10:02:39.584+0200][gc,start      ] GC(7) Pause Young (Normal) (G1 Evacuation Pause)
[2024-02-05T10:02:39.584+0200][gc,task       ] GC(7) Using 4 workers of 4 for evacuation
[2024-02-05T10:02:39.603+0200][gc,phases     ] GC(7)   Pre Evacuate Collection Set: 0.8ms
[2024-02-05T10:02:39.603+0200][gc,phases     ] GC(7)   Evacuate Collection Set: 16.3ms
[2024-02-05T10:02:39.603+0200][gc,phases     ] GC(7)   Post Evacuate Collection Set: 1.5ms
[2024-02-05T10:02:39.603+0200][gc,phases     ] GC(7)   Other: 0.7ms
[2024-02-05T10:02:39.603+0200][gc,heap       ] GC(7) Eden regions: 46->0(45)
[2024-02-05T10:02:39.603+0200][gc,heap       ] GC(7) Survivor regions: 5->6(7)
[2024-02-05T10:02:39.604+0200][gc,heap       ] GC(7) Old regions: 13->15
[2024-02-05T10:02:39.604+0200][gc,heap       ] GC(7) Humongous regions: 129->129
[2024-02-05T10:02:39.604+0200][gc,metaspace  ] GC(7) Metaspace: 43549K(46336K)->43549K(46336K) NonClass: 37510K(38912K)->37510K(38912K) Class: 6038K(7424K)->6038K(7424K)
[2024-02-05T10:02:39.604+0200][gc            ] GC(7) Pause Young (Normal) (G1 Evacuation Pause) 191M->147M(1024M) 19.898ms
[2024-02-05T10:02:39.604+0200][gc,cpu        ] GC(7) User=0.03s Sys=0.04s Real=0.02s
[2024-02-05T10:15:57.689+0200][gc,start      ] GC(8) Pause Young (Normal) (G1 Evacuation Pause)
[2024-02-05T10:15:57.689+0200][gc,task       ] GC(8) Using 4 workers of 4 for evacuation
[2024-02-05T10:15:57.711+0200][gc,mmu        ] GC(8) MMU target violated: 21.0ms (20.0ms/21.0ms)
[2024-02-05T10:15:57.711+0200][gc,phases     ] GC(8)   Pre Evacuate Collection Set: 0.8ms
[2024-02-05T10:15:57.711+0200][gc,phases     ] GC(8)   Evacuate Collection Set: 19.4ms
[2024-02-05T10:15:57.711+0200][gc,phases     ] GC(8)   Post Evacuate Collection Set: 0.9ms
[2024-02-05T10:15:57.711+0200][gc,phases     ] GC(8)   Other: 0.6ms
[2024-02-05T10:15:57.711+0200][gc,heap       ] GC(8) Eden regions: 45->0(47)
[2024-02-05T10:15:57.711+0200][gc,heap       ] GC(8) Survivor regions: 6->4(7)
[2024-02-05T10:15:57.711+0200][gc,heap       ] GC(8) Old regions: 15->18
[2024-02-05T10:15:57.711+0200][gc,heap       ] GC(8) Humongous regions: 129->129
[2024-02-05T10:15:57.711+0200][gc,metaspace  ] GC(8) Metaspace: 43699K(46592K)->43699K(46592K) NonClass: 37653K(39168K)->37653K(39168K) Class: 6046K(7424K)->6046K(7424K)
[2024-02-05T10:15:57.711+0200][gc            ] GC(8) Pause Young (Normal) (G1 Evacuation Pause) 192M->148M(1024M) 21.917ms
[2024-02-05T10:15:57.711+0200][gc,cpu        ] GC(8) User=0.08s Sys=0.00s Real=0.02s
[2024-02-05T10:37:44.047+0200][gc,start      ] GC(9) Pause Young (Normal) (G1 Evacuation Pause)
[2024-02-05T10:37:44.047+0200][gc,task       ] GC(9) Using 4 workers of 4 for evacuation
[2024-02-05T10:37:44.069+0200][gc,mmu        ] GC(9) MMU target violated: 21.0ms (20.0ms/21.0ms)
[2024-02-05T10:37:44.069+0200][gc,phases     ] GC(9)   Pre Evacuate Collection Set: 1.0ms
[2024-02-05T10:37:44.069+0200][gc,phases     ] GC(9)   Evacuate Collection Set: 18.5ms
[2024-02-05T10:37:44.069+0200][gc,phases     ] GC(9)   Post Evacuate Collection Set: 2.0ms
[2024-02-05T10:37:44.069+0200][gc,phases     ] GC(9)   Other: 1.3ms
[2024-02-05T10:37:44.069+0200][gc,heap       ] GC(9) Eden regions: 47->0(47)
[2024-02-05T10:37:44.069+0200][gc,heap       ] GC(9) Survivor regions: 4->4(7)
[2024-02-05T10:37:44.069+0200][gc,heap       ] GC(9) Old regions: 18->18
[2024-02-05T10:37:44.070+0200][gc,heap       ] GC(9) Humongous regions: 129->129
[2024-02-05T10:37:44.070+0200][gc,metaspace  ] GC(9) Metaspace: 44074K(47232K)->44074K(47232K) NonClass: 37974K(39680K)->37974K(39680K) Class: 6100K(7552K)->6100K(7552K)
[2024-02-05T10:37:44.070+0200][gc            ] GC(9) Pause Young (Normal) (G1 Evacuation Pause) 195M->148M(1024M) 22.884ms
[2024-02-05T10:37:44.070+0200][gc,cpu        ] GC(9) User=0.05s Sys=0.01s Real=0.03s
[2024-02-05T10:53:43.628+0200][gc,start      ] GC(10) Pause Young (Normal) (G1 Evacuation Pause)
[2024-02-05T10:53:43.628+0200][gc,task       ] GC(10) Using 4 workers of 4 for evacuation
[2024-02-05T10:53:43.750+0200][gc,mmu        ] GC(10) MMU target violated: 21.0ms (20.0ms/21.0ms)
[2024-02-05T10:53:43.750+0200][gc,phases     ] GC(10)   Pre Evacuate Collection Set: 0.9ms
[2024-02-05T10:53:43.750+0200][gc,phases     ] GC(10)   Evacuate Collection Set: 115.6ms
[2024-02-05T10:53:43.750+0200][gc,phases     ] GC(10)   Post Evacuate Collection Set: 4.6ms
[2024-02-05T10:53:43.750+0200][gc,phases     ] GC(10)   Other: 0.9ms
[2024-02-05T10:53:43.750+0200][gc,heap       ] GC(10) Eden regions: 47->0(47)
[2024-02-05T10:53:43.750+0200][gc,heap       ] GC(10) Survivor regions: 4->4(7)
[2024-02-05T10:53:43.750+0200][gc,heap       ] GC(10) Old regions: 18->18
[2024-02-05T10:53:43.750+0200][gc,heap       ] GC(10) Humongous regions: 129->129
[2024-02-05T10:53:43.750+0200][gc,metaspace  ] GC(10) Metaspace: 44596K(47616K)->44596K(47616K) NonClass: 38390K(39936K)->38390K(39936K) Class: 6205K(7680K)->6205K(7680K)
[2024-02-05T10:53:43.750+0200][gc            ] GC(10) Pause Young (Normal) (G1 Evacuation Pause) 195M->148M(1024M) 122.070ms
[2024-02-05T10:53:43.750+0200][gc,cpu        ] GC(10) User=0.44s Sys=0.03s Real=0.12s
[2024-02-05T10:53:51.073+0200][gc,heap,exit  ] Heap
[2024-02-05T10:53:51.073+0200][gc,heap,exit  ]  garbage-first heap   total 1048576K, used 158377K [0x00000000c0000000, 0x0000000100000000)
[2024-02-05T10:53:51.073+0200][gc,heap,exit  ]   region size 1024K, 11 young (11264K), 4 survivors (4096K)
[2024-02-05T10:53:51.073+0200][gc,heap,exit  ]  Metaspace       used 45031K, capacity 48016K, committed 48256K, reserved 1089536K
[2024-02-05T10:53:51.073+0200][gc,heap,exit  ]   class space    used 6329K, capacity 7769K, committed 7808K, reserved 1048576K
