[2024-02-05T15:05:49.147+0200][gc,heap] Heap region size: 1M
[2024-02-05T15:05:49.169+0200][gc     ] Using G1
[2024-02-05T15:05:49.169+0200][gc,heap,coops] Heap address: 0x00000000c0000000, size: 1024 MB, Compressed Oops mode: 32-bit
[2024-02-05T15:05:49.169+0200][gc,cds       ] Mark closed archive regions in map: [0x00000000fff00000, 0x00000000fff6bff8]
[2024-02-05T15:05:49.169+0200][gc,cds       ] Mark open archive regions in map: [0x00000000ffe00000, 0x00000000ffe47ff8]
[2024-02-05T15:06:08.256+0200][gc,start     ] GC(0) Pause Young (Normal) (G1 Evacuation Pause)
[2024-02-05T15:06:08.258+0200][gc,task      ] GC(0) Using 4 workers of 4 for evacuation
[2024-02-05T15:06:08.346+0200][gc,mmu       ] GC(0) MMU target violated: 21.0ms (20.0ms/21.0ms)
[2024-02-05T15:06:08.346+0200][gc,phases    ] GC(0)   Pre Evacuate Collection Set: 0.2ms
[2024-02-05T15:06:08.346+0200][gc,phases    ] GC(0)   Evacuate Collection Set: 85.6ms
[2024-02-05T15:06:08.346+0200][gc,phases    ] GC(0)   Post Evacuate Collection Set: 2.2ms
[2024-02-05T15:06:08.346+0200][gc,phases    ] GC(0)   Other: 1.8ms
[2024-02-05T15:06:08.346+0200][gc,heap      ] GC(0) Eden regions: 51->0(44)
[2024-02-05T15:06:08.346+0200][gc,heap      ] GC(0) Survivor regions: 0->7(7)
[2024-02-05T15:06:08.346+0200][gc,heap      ] GC(0) Old regions: 2->2
[2024-02-05T15:06:08.346+0200][gc,heap      ] GC(0) Humongous regions: 0->0
[2024-02-05T15:06:08.346+0200][gc,metaspace ] GC(0) Metaspace: 15740K(16512K)->15740K(16512K) NonClass: 13601K(14080K)->13601K(14080K) Class: 2139K(2432K)->2139K(2432K)
[2024-02-05T15:06:08.346+0200][gc           ] GC(0) Pause Young (Normal) (G1 Evacuation Pause) 51M->7M(1024M) 89.985ms
[2024-02-05T15:06:08.346+0200][gc,cpu       ] GC(0) User=0.18s Sys=0.08s Real=0.09s
[2024-02-05T15:06:12.143+0200][gc,start     ] GC(1) Pause Young (Concurrent Start) (Metadata GC Threshold)
[2024-02-05T15:06:12.143+0200][gc,task      ] GC(1) Using 4 workers of 4 for evacuation
[2024-02-05T15:06:12.284+0200][gc,mmu       ] GC(1) MMU target violated: 21.0ms (20.0ms/21.0ms)
[2024-02-05T15:06:12.284+0200][gc,phases    ] GC(1)   Pre Evacuate Collection Set: 0.2ms
[2024-02-05T15:06:12.284+0200][gc,phases    ] GC(1)   Evacuate Collection Set: 138.6ms
[2024-02-05T15:06:12.284+0200][gc,phases    ] GC(1)   Post Evacuate Collection Set: 0.7ms
[2024-02-05T15:06:12.284+0200][gc,phases    ] GC(1)   Other: 0.9ms
[2024-02-05T15:06:12.284+0200][gc,heap      ] GC(1) Eden regions: 20->0(50)
[2024-02-05T15:06:12.284+0200][gc,heap      ] GC(1) Survivor regions: 7->1(7)
[2024-02-05T15:06:12.284+0200][gc,heap      ] GC(1) Old regions: 2->9
[2024-02-05T15:06:12.284+0200][gc,heap      ] GC(1) Humongous regions: 0->0
[2024-02-05T15:06:12.284+0200][gc,metaspace ] GC(1) Metaspace: 20622K(21296K)->20622K(21296K) NonClass: 17824K(18224K)->17824K(18224K) Class: 2797K(3072K)->2797K(3072K)
[2024-02-05T15:06:12.284+0200][gc           ] GC(1) Pause Young (Concurrent Start) (Metadata GC Threshold) 27M->8M(1024M) 140.477ms
[2024-02-05T15:06:12.284+0200][gc,cpu       ] GC(1) User=0.17s Sys=0.00s Real=0.14s
[2024-02-05T15:06:12.310+0200][gc           ] GC(2) Concurrent Cycle
[2024-02-05T15:06:12.311+0200][gc,marking   ] GC(2) Concurrent Clear Claimed Marks
[2024-02-05T15:06:12.311+0200][gc,marking   ] GC(2) Concurrent Clear Claimed Marks 0.496ms
[2024-02-05T15:06:12.311+0200][gc,marking   ] GC(2) Concurrent Scan Root Regions
[2024-02-05T15:06:12.353+0200][gc,marking   ] GC(2) Concurrent Scan Root Regions 42.126ms
[2024-02-05T15:06:12.353+0200][gc,marking   ] GC(2) Concurrent Mark (23.437s)
[2024-02-05T15:06:12.353+0200][gc,marking   ] GC(2) Concurrent Mark From Roots
[2024-02-05T15:06:12.353+0200][gc,task      ] GC(2) Using 1 workers of 1 for marking
[2024-02-05T15:06:12.437+0200][gc,marking   ] GC(2) Concurrent Mark From Roots 83.484ms
[2024-02-05T15:06:12.437+0200][gc,marking   ] GC(2) Concurrent Preclean
[2024-02-05T15:06:12.463+0200][gc,marking   ] GC(2) Concurrent Preclean 26.405ms
[2024-02-05T15:06:12.463+0200][gc,marking   ] GC(2) Concurrent Mark (23.437s, 23.547s) 110.153ms
[2024-02-05T15:06:12.464+0200][gc,start     ] GC(2) Pause Remark
[2024-02-05T15:06:12.478+0200][gc,stringtable] GC(2) Cleaned string and symbol table, strings: 5463 processed, 0 removed, symbols: 50841 processed, 55 removed
[2024-02-05T15:06:12.518+0200][gc,mmu        ] GC(2) MMU target violated: 21.0ms (20.0ms/21.0ms)
[2024-02-05T15:06:12.518+0200][gc            ] GC(2) Pause Remark 8M->8M(1024M) 53.832ms
[2024-02-05T15:06:12.518+0200][gc,cpu        ] GC(2) User=0.07s Sys=0.00s Real=0.06s
[2024-02-05T15:06:12.518+0200][gc,marking    ] GC(2) Concurrent Rebuild Remembered Sets
[2024-02-05T15:06:12.641+0200][gc,marking    ] GC(2) Concurrent Rebuild Remembered Sets 123.431ms
[2024-02-05T15:06:12.643+0200][gc,start      ] GC(2) Pause Cleanup
[2024-02-05T15:06:12.650+0200][gc            ] GC(2) Pause Cleanup 10M->10M(1024M) 7.080ms
[2024-02-05T15:06:12.650+0200][gc,cpu        ] GC(2) User=0.00s Sys=0.01s Real=0.01s
[2024-02-05T15:06:12.652+0200][gc,marking    ] GC(2) Concurrent Cleanup for Next Mark
[2024-02-05T15:06:12.764+0200][gc,marking    ] GC(2) Concurrent Cleanup for Next Mark 111.477ms
[2024-02-05T15:06:12.892+0200][gc            ] GC(2) Concurrent Cycle 581.400ms
[2024-02-05T15:06:30.219+0200][gc,start      ] GC(3) Pause Young (Normal) (G1 Evacuation Pause)
[2024-02-05T15:06:30.219+0200][gc,task       ] GC(3) Using 4 workers of 4 for evacuation
[2024-02-05T15:06:30.248+0200][gc,mmu        ] GC(3) MMU target violated: 21.0ms (20.0ms/21.0ms)
[2024-02-05T15:06:30.249+0200][gc,phases     ] GC(3)   Pre Evacuate Collection Set: 0.2ms
[2024-02-05T15:06:30.249+0200][gc,phases     ] GC(3)   Evacuate Collection Set: 28.1ms
[2024-02-05T15:06:30.249+0200][gc,phases     ] GC(3)   Post Evacuate Collection Set: 1.1ms
[2024-02-05T15:06:30.249+0200][gc,phases     ] GC(3)   Other: 0.6ms
[2024-02-05T15:06:30.249+0200][gc,heap       ] GC(3) Eden regions: 50->0(47)
[2024-02-05T15:06:30.249+0200][gc,heap       ] GC(3) Survivor regions: 1->4(7)
[2024-02-05T15:06:30.249+0200][gc,heap       ] GC(3) Old regions: 9->9
[2024-02-05T15:06:30.249+0200][gc,heap       ] GC(3) Humongous regions: 129->129
[2024-02-05T15:06:30.249+0200][gc,metaspace  ] GC(3) Metaspace: 29160K(30460K)->29160K(30460K) NonClass: 25378K(26112K)->25378K(26112K) Class: 3781K(4348K)->3781K(4348K)
[2024-02-05T15:06:30.249+0200][gc            ] GC(3) Pause Young (Normal) (G1 Evacuation Pause) 187M->140M(1024M) 30.183ms
[2024-02-05T15:06:30.249+0200][gc,cpu        ] GC(3) User=0.09s Sys=0.00s Real=0.03s
[2024-02-05T15:06:34.173+0200][gc,start      ] GC(4) Pause Young (Concurrent Start) (Metadata GC Threshold)
[2024-02-05T15:06:34.173+0200][gc,task       ] GC(4) Using 4 workers of 4 for evacuation
[2024-02-05T15:06:34.196+0200][gc,mmu        ] GC(4) MMU target violated: 21.0ms (20.0ms/21.0ms)
[2024-02-05T15:06:34.196+0200][gc,phases     ] GC(4)   Pre Evacuate Collection Set: 0.2ms
[2024-02-05T15:06:34.196+0200][gc,phases     ] GC(4)   Evacuate Collection Set: 21.4ms
[2024-02-05T15:06:34.196+0200][gc,phases     ] GC(4)   Post Evacuate Collection Set: 0.7ms
[2024-02-05T15:06:34.196+0200][gc,phases     ] GC(4)   Other: 0.6ms
[2024-02-05T15:06:34.196+0200][gc,heap       ] GC(4) Eden regions: 29->0(45)
[2024-02-05T15:06:34.196+0200][gc,heap       ] GC(4) Survivor regions: 4->6(7)
[2024-02-05T15:06:34.196+0200][gc,heap       ] GC(4) Old regions: 9->10
[2024-02-05T15:06:34.196+0200][gc,heap       ] GC(4) Humongous regions: 129->129
[2024-02-05T15:06:34.196+0200][gc,metaspace  ] GC(4) Metaspace: 34577K(36048K)->34577K(36048K) NonClass: 30160K(30932K)->30160K(30932K) Class: 4417K(5116K)->4417K(5116K)
[2024-02-05T15:06:34.196+0200][gc            ] GC(4) Pause Young (Concurrent Start) (Metadata GC Threshold) 168M->142M(1024M) 23.018ms
[2024-02-05T15:06:34.196+0200][gc,cpu        ] GC(4) User=0.06s Sys=0.00s Real=0.02s
[2024-02-05T15:06:34.196+0200][gc            ] GC(5) Concurrent Cycle
[2024-02-05T15:06:34.196+0200][gc,marking    ] GC(5) Concurrent Clear Claimed Marks
[2024-02-05T15:06:34.196+0200][gc,marking    ] GC(5) Concurrent Clear Claimed Marks 0.147ms
[2024-02-05T15:06:34.196+0200][gc,marking    ] GC(5) Concurrent Scan Root Regions
[2024-02-05T15:06:34.203+0200][gc,marking    ] GC(5) Concurrent Scan Root Regions 7.094ms
[2024-02-05T15:06:34.203+0200][gc,marking    ] GC(5) Concurrent Mark (45.288s)
[2024-02-05T15:06:34.203+0200][gc,marking    ] GC(5) Concurrent Mark From Roots
[2024-02-05T15:06:34.203+0200][gc,task       ] GC(5) Using 1 workers of 1 for marking
[2024-02-05T15:06:34.232+0200][gc,marking    ] GC(5) Concurrent Mark From Roots 28.676ms
[2024-02-05T15:06:34.232+0200][gc,marking    ] GC(5) Concurrent Preclean
[2024-02-05T15:06:34.232+0200][gc,marking    ] GC(5) Concurrent Preclean 0.149ms
[2024-02-05T15:06:34.232+0200][gc,marking    ] GC(5) Concurrent Mark (45.288s, 45.317s) 28.995ms
[2024-02-05T15:06:34.233+0200][gc,start      ] GC(5) Pause Remark
[2024-02-05T15:06:34.240+0200][gc,stringtable] GC(5) Cleaned string and symbol table, strings: 11646 processed, 13 removed, symbols: 81518 processed, 17 removed
[2024-02-05T15:06:34.241+0200][gc            ] GC(5) Pause Remark 143M->143M(1024M) 7.850ms
[2024-02-05T15:06:34.241+0200][gc,cpu        ] GC(5) User=0.02s Sys=0.00s Real=0.01s
[2024-02-05T15:06:34.241+0200][gc,marking    ] GC(5) Concurrent Rebuild Remembered Sets
[2024-02-05T15:06:34.248+0200][gc,marking    ] GC(5) Concurrent Rebuild Remembered Sets 7.544ms
[2024-02-05T15:06:34.249+0200][gc,start      ] GC(5) Pause Cleanup
[2024-02-05T15:06:34.249+0200][gc            ] GC(5) Pause Cleanup 143M->143M(1024M) 0.757ms
[2024-02-05T15:06:34.249+0200][gc,cpu        ] GC(5) User=0.00s Sys=0.00s Real=0.00s
[2024-02-05T15:06:34.250+0200][gc,marking    ] GC(5) Concurrent Cleanup for Next Mark
[2024-02-05T15:06:34.266+0200][gc,marking    ] GC(5) Concurrent Cleanup for Next Mark 16.003ms
[2024-02-05T15:06:34.266+0200][gc            ] GC(5) Concurrent Cycle 69.857ms
[2024-02-05T15:13:20.101+0200][gc,start      ] GC(6) Pause Young (Normal) (G1 Evacuation Pause)
[2024-02-05T15:13:20.101+0200][gc,task       ] GC(6) Using 4 workers of 4 for evacuation
[2024-02-05T15:13:20.124+0200][gc,mmu        ] GC(6) MMU target violated: 21.0ms (20.0ms/21.0ms)
[2024-02-05T15:13:20.124+0200][gc,phases     ] GC(6)   Pre Evacuate Collection Set: 1.0ms
[2024-02-05T15:13:20.124+0200][gc,phases     ] GC(6)   Evacuate Collection Set: 20.7ms
[2024-02-05T15:13:20.124+0200][gc,phases     ] GC(6)   Post Evacuate Collection Set: 1.3ms
[2024-02-05T15:13:20.124+0200][gc,phases     ] GC(6)   Other: 0.6ms
[2024-02-05T15:13:20.125+0200][gc,heap       ] GC(6) Eden regions: 45->0(46)
[2024-02-05T15:13:20.125+0200][gc,heap       ] GC(6) Survivor regions: 6->5(7)
[2024-02-05T15:13:20.125+0200][gc,heap       ] GC(6) Old regions: 10->13
[2024-02-05T15:13:20.125+0200][gc,heap       ] GC(6) Humongous regions: 153->129
[2024-02-05T15:13:20.125+0200][gc,metaspace  ] GC(6) Metaspace: 41197K(43728K)->41197K(43728K) NonClass: 35478K(36820K)->35478K(36820K) Class: 5719K(6908K)->5719K(6908K)
[2024-02-05T15:13:20.125+0200][gc            ] GC(6) Pause Young (Normal) (G1 Evacuation Pause) 211M->144M(1024M) 23.821ms
[2024-02-05T15:13:20.125+0200][gc,cpu        ] GC(6) User=0.08s Sys=0.00s Real=0.02s
[2024-02-05T15:43:55.702+0200][gc,start      ] GC(7) Pause Young (Normal) (G1 Evacuation Pause)
[2024-02-05T15:43:55.702+0200][gc,task       ] GC(7) Using 4 workers of 4 for evacuation
[2024-02-05T15:43:55.842+0200][gc,mmu        ] GC(7) MMU target violated: 21.0ms (20.0ms/21.0ms)
[2024-02-05T15:43:55.843+0200][gc,phases     ] GC(7)   Pre Evacuate Collection Set: 31.9ms
[2024-02-05T15:43:55.843+0200][gc,phases     ] GC(7)   Evacuate Collection Set: 101.8ms
[2024-02-05T15:43:55.843+0200][gc,phases     ] GC(7)   Post Evacuate Collection Set: 4.6ms
[2024-02-05T15:43:55.843+0200][gc,phases     ] GC(7)   Other: 2.8ms
[2024-02-05T15:43:55.843+0200][gc,heap       ] GC(7) Eden regions: 46->0(48)
[2024-02-05T15:43:55.843+0200][gc,heap       ] GC(7) Survivor regions: 5->3(7)
[2024-02-05T15:43:55.843+0200][gc,heap       ] GC(7) Old regions: 13->15
[2024-02-05T15:43:55.843+0200][gc,heap       ] GC(7) Humongous regions: 129->129
[2024-02-05T15:43:55.843+0200][gc,metaspace  ] GC(7) Metaspace: 41914K(44624K)->41914K(44624K) NonClass: 36165K(37588K)->36165K(37588K) Class: 5748K(7036K)->5748K(7036K)
[2024-02-05T15:43:55.843+0200][gc            ] GC(7) Pause Young (Normal) (G1 Evacuation Pause) 190M->145M(1024M) 141.174ms
[2024-02-05T15:43:55.843+0200][gc,cpu        ] GC(7) User=0.34s Sys=0.00s Real=0.14s
[2024-02-05T16:22:14.726+0200][gc,start      ] GC(8) Pause Young (Normal) (G1 Evacuation Pause)
[2024-02-05T16:22:14.726+0200][gc,task       ] GC(8) Using 4 workers of 4 for evacuation
[2024-02-05T16:22:14.935+0200][gc,mmu        ] GC(8) MMU target violated: 21.0ms (20.0ms/21.0ms)
[2024-02-05T16:22:14.935+0200][gc,phases     ] GC(8)   Pre Evacuate Collection Set: 0.9ms
[2024-02-05T16:22:14.935+0200][gc,phases     ] GC(8)   Evacuate Collection Set: 76.9ms
[2024-02-05T16:22:14.935+0200][gc,phases     ] GC(8)   Post Evacuate Collection Set: 130.7ms
[2024-02-05T16:22:14.935+0200][gc,phases     ] GC(8)   Other: 0.8ms
[2024-02-05T16:22:14.935+0200][gc,heap       ] GC(8) Eden regions: 48->0(48)
[2024-02-05T16:22:14.935+0200][gc,heap       ] GC(8) Survivor regions: 3->3(7)
[2024-02-05T16:22:14.935+0200][gc,heap       ] GC(8) Old regions: 15->15
[2024-02-05T16:22:14.935+0200][gc,heap       ] GC(8) Humongous regions: 129->129
[2024-02-05T16:22:14.935+0200][gc,metaspace  ] GC(8) Metaspace: 42084K(44880K)->42084K(44880K) NonClass: 36319K(37844K)->36319K(37844K) Class: 5764K(7036K)->5764K(7036K)
[2024-02-05T16:22:14.936+0200][gc            ] GC(8) Pause Young (Normal) (G1 Evacuation Pause) 193M->145M(1024M) 209.596ms
[2024-02-05T16:22:14.936+0200][gc,cpu        ] GC(8) User=0.53s Sys=0.22s Real=0.21s
[2024-02-05T17:00:45.708+0200][gc,start      ] GC(9) Pause Young (Normal) (G1 Evacuation Pause)
[2024-02-05T17:00:46.237+0200][gc,task       ] GC(9) Using 4 workers of 4 for evacuation
[2024-02-05T17:00:51.087+0200][gc,mmu        ] GC(9) MMU target violated: 21.0ms (20.0ms/21.0ms)
[2024-02-05T17:00:51.097+0200][gc,phases     ] GC(9)   Pre Evacuate Collection Set: 258.6ms
[2024-02-05T17:00:51.097+0200][gc,phases     ] GC(9)   Evacuate Collection Set: 3276.2ms
[2024-02-05T17:00:51.097+0200][gc,phases     ] GC(9)   Post Evacuate Collection Set: 598.0ms
[2024-02-05T17:00:51.098+0200][gc,phases     ] GC(9)   Other: 1658.2ms
[2024-02-05T17:00:51.098+0200][gc,heap       ] GC(9) Eden regions: 48->0(48)
[2024-02-05T17:00:51.098+0200][gc,heap       ] GC(9) Survivor regions: 3->3(7)
[2024-02-05T17:00:51.098+0200][gc,heap       ] GC(9) Old regions: 15->15
[2024-02-05T17:00:51.098+0200][gc,heap       ] GC(9) Humongous regions: 129->129
[2024-02-05T17:00:51.099+0200][gc,metaspace  ] GC(9) Metaspace: 42164K(44880K)->42164K(44880K) NonClass: 36389K(37844K)->36389K(37844K) Class: 5775K(7036K)->5775K(7036K)
[2024-02-05T17:00:51.100+0200][gc            ] GC(9) Pause Young (Normal) (G1 Evacuation Pause) 193M->144M(1024M) 5492.649ms
[2024-02-05T17:00:51.100+0200][gc,cpu        ] GC(9) User=10.82s Sys=3.49s Real=5.49s
[2024-02-05T17:36:56.316+0200][gc,start      ] GC(10) Pause Young (Normal) (G1 Evacuation Pause)
[2024-02-05T17:36:56.316+0200][gc,task       ] GC(10) Using 4 workers of 4 for evacuation
[2024-02-05T17:36:56.800+0200][gc,mmu        ] GC(10) MMU target violated: 21.0ms (20.0ms/21.0ms)
[2024-02-05T17:36:56.800+0200][gc,phases     ] GC(10)   Pre Evacuate Collection Set: 0.8ms
[2024-02-05T17:36:56.800+0200][gc,phases     ] GC(10)   Evacuate Collection Set: 481.1ms
[2024-02-05T17:36:56.800+0200][gc,phases     ] GC(10)   Post Evacuate Collection Set: 2.0ms
[2024-02-05T17:36:56.800+0200][gc,phases     ] GC(10)   Other: 0.7ms
[2024-02-05T17:36:56.800+0200][gc,heap       ] GC(10) Eden regions: 48->0(48)
[2024-02-05T17:36:56.800+0200][gc,heap       ] GC(10) Survivor regions: 3->3(7)
[2024-02-05T17:36:56.800+0200][gc,heap       ] GC(10) Old regions: 15->15
[2024-02-05T17:36:56.800+0200][gc,heap       ] GC(10) Humongous regions: 129->129
[2024-02-05T17:36:56.800+0200][gc,metaspace  ] GC(10) Metaspace: 42561K(45264K)->42561K(45264K) NonClass: 36708K(38100K)->36708K(38100K) Class: 5852K(7164K)->5852K(7164K)
[2024-02-05T17:36:56.800+0200][gc            ] GC(10) Pause Young (Normal) (G1 Evacuation Pause) 192M->145M(1024M) 484.787ms
[2024-02-05T17:36:56.801+0200][gc,cpu        ] GC(10) User=1.37s Sys=0.49s Real=0.49s
