[2024-02-05T11:51:49.419+0200][gc,heap] Heap region size: 1M
[2024-02-05T11:51:49.443+0200][gc     ] Using G1
[2024-02-05T11:51:49.443+0200][gc,heap,coops] Heap address: 0x00000000e0000000, size: 512 MB, Compressed Oops mode: 32-bit
[2024-02-05T11:51:49.444+0200][gc,cds       ] Mark closed archive regions in map: [0x00000000fff00000, 0x00000000fff6bff8]
[2024-02-05T11:51:49.444+0200][gc,cds       ] Mark open archive regions in map: [0x00000000ffe00000, 0x00000000ffe47ff8]
[2024-02-05T11:51:50.555+0200][gc,heap,exit ] Heap
[2024-02-05T11:51:50.556+0200][gc,heap,exit ]  garbage-first heap   total 524288K, used 16080K [0x00000000e0000000, 0x0000000100000000)
[2024-02-05T11:51:50.556+0200][gc,heap,exit ]   region size 1024K, 16 young (16384K), 0 survivors (0K)
[2024-02-05T11:51:50.556+0200][gc,heap,exit ]  Metaspace       used 6240K, capacity 6512K, committed 6784K, reserved 1056768K
[2024-02-05T11:51:50.556+0200][gc,heap,exit ]   class space    used 705K, capacity 812K, committed 896K, reserved 1048576K
